###############################################################################
#
# IAR ELF Linker V7.70.1.11437/W32 for ARM                16/Feb/2017  10:52:37
# Copyright 2007-2016 IAR Systems AB.
#
#    Output file  =  
#        D:\2.tempPjt\171.SensorTile
#        ÐéÄâ¼Ü×Ó¹Ä\1.SensorTile´úÂë\STM32CubeExpansion_BLE1_V2.8.0
#        beancon\Projects\Multi\Applications\Beacon\EWARM\STM32L476RG-Nucleo\UID_Beacon\Exe\Project.out
#    Map file     =  
#        D:\2.tempPjt\171.SensorTile
#        ÐéÄâ¼Ü×Ó¹Ä\1.SensorTile´úÂë\STM32CubeExpansion_BLE1_V2.8.0
#        beancon\Projects\Multi\Applications\Beacon\EWARM\STM32L476RG-Nucleo\UID_Beacon\List\Project.map
#    Command line =  
#        "D:\2.tempPjt\171.SensorTile
#        ÐéÄâ¼Ü×Ó¹Ä\1.SensorTile´úÂë\STM32CubeExpansion_BLE1_V2.8.0
#        beancon\Projects\Multi\Applications\Beacon\EWARM\STM32L476RG-Nucleo\UID_Beacon\Obj\ble_list.o"
#        "D:\2.tempPjt\171.SensorTile
#        ÐéÄâ¼Ü×Ó¹Ä\1.SensorTile´úÂë\STM32CubeExpansion_BLE1_V2.8.0
#        beancon\Projects\Multi\Applications\Beacon\EWARM\STM32L476RG-Nucleo\UID_Beacon\Obj\bluenrg_gap_aci.o"
#        "D:\2.tempPjt\171.SensorTile
#        ÐéÄâ¼Ü×Ó¹Ä\1.SensorTile´úÂë\STM32CubeExpansion_BLE1_V2.8.0
#        beancon\Projects\Multi\Applications\Beacon\EWARM\STM32L476RG-Nucleo\UID_Beacon\Obj\bluenrg_gatt_aci.o"
#        "D:\2.tempPjt\171.SensorTile
#        ÐéÄâ¼Ü×Ó¹Ä\1.SensorTile´úÂë\STM32CubeExpansion_BLE1_V2.8.0
#        beancon\Projects\Multi\Applications\Beacon\EWARM\STM32L476RG-Nucleo\UID_Beacon\Obj\bluenrg_hal_aci.o"
#        "D:\2.tempPjt\171.SensorTile
#        ÐéÄâ¼Ü×Ó¹Ä\1.SensorTile´úÂë\STM32CubeExpansion_BLE1_V2.8.0
#        beancon\Projects\Multi\Applications\Beacon\EWARM\STM32L476RG-Nucleo\UID_Beacon\Obj\bluenrg_interface.o"
#        "D:\2.tempPjt\171.SensorTile
#        ÐéÄâ¼Ü×Ó¹Ä\1.SensorTile´úÂë\STM32CubeExpansion_BLE1_V2.8.0
#        beancon\Projects\Multi\Applications\Beacon\EWARM\STM32L476RG-Nucleo\UID_Beacon\Obj\bluenrg_itf.o"
#        "D:\2.tempPjt\171.SensorTile
#        ÐéÄâ¼Ü×Ó¹Ä\1.SensorTile´úÂë\STM32CubeExpansion_BLE1_V2.8.0
#        beancon\Projects\Multi\Applications\Beacon\EWARM\STM32L476RG-Nucleo\UID_Beacon\Obj\bluenrg_l2cap_aci.o"
#        "D:\2.tempPjt\171.SensorTile
#        ÐéÄâ¼Ü×Ó¹Ä\1.SensorTile´úÂë\STM32CubeExpansion_BLE1_V2.8.0
#        beancon\Projects\Multi\Applications\Beacon\EWARM\STM32L476RG-Nucleo\UID_Beacon\Obj\bluenrg_utils_small.o"
#        "D:\2.tempPjt\171.SensorTile
#        ÐéÄâ¼Ü×Ó¹Ä\1.SensorTile´úÂë\STM32CubeExpansion_BLE1_V2.8.0
#        beancon\Projects\Multi\Applications\Beacon\EWARM\STM32L476RG-Nucleo\UID_Beacon\Obj\cube_hal_l4.o"
#        "D:\2.tempPjt\171.SensorTile
#        ÐéÄâ¼Ü×Ó¹Ä\1.SensorTile´úÂë\STM32CubeExpansion_BLE1_V2.8.0
#        beancon\Projects\Multi\Applications\Beacon\EWARM\STM32L476RG-Nucleo\UID_Beacon\Obj\eddystone_beacon.o"
#        "D:\2.tempPjt\171.SensorTile
#        ÐéÄâ¼Ü×Ó¹Ä\1.SensorTile´úÂë\STM32CubeExpansion_BLE1_V2.8.0
#        beancon\Projects\Multi\Applications\Beacon\EWARM\STM32L476RG-Nucleo\UID_Beacon\Obj\gp_timer.o"
#        "D:\2.tempPjt\171.SensorTile
#        ÐéÄâ¼Ü×Ó¹Ä\1.SensorTile´úÂë\STM32CubeExpansion_BLE1_V2.8.0
#        beancon\Projects\Multi\Applications\Beacon\EWARM\STM32L476RG-Nucleo\UID_Beacon\Obj\hci.o"
#        "D:\2.tempPjt\171.SensorTile
#        ÐéÄâ¼Ü×Ó¹Ä\1.SensorTile´úÂë\STM32CubeExpansion_BLE1_V2.8.0
#        beancon\Projects\Multi\Applications\Beacon\EWARM\STM32L476RG-Nucleo\UID_Beacon\Obj\hci_le.o"
#        "D:\2.tempPjt\171.SensorTile
#        ÐéÄâ¼Ü×Ó¹Ä\1.SensorTile´úÂë\STM32CubeExpansion_BLE1_V2.8.0
#        beancon\Projects\Multi\Applications\Beacon\EWARM\STM32L476RG-Nucleo\UID_Beacon\Obj\LSM303AGR_ACC_driver.o"
#        "D:\2.tempPjt\171.SensorTile
#        ÐéÄâ¼Ü×Ó¹Ä\1.SensorTile´úÂë\STM32CubeExpansion_BLE1_V2.8.0
#        beancon\Projects\Multi\Applications\Beacon\EWARM\STM32L476RG-Nucleo\UID_Beacon\Obj\LSM303AGR_ACC_driver_HL.o"
#        "D:\2.tempPjt\171.SensorTile
#        ÐéÄâ¼Ü×Ó¹Ä\1.SensorTile´úÂë\STM32CubeExpansion_BLE1_V2.8.0
#        beancon\Projects\Multi\Applications\Beacon\EWARM\STM32L476RG-Nucleo\UID_Beacon\Obj\LSM6DSM_ACC_GYRO_driver.o"
#        "D:\2.tempPjt\171.SensorTile
#        ÐéÄâ¼Ü×Ó¹Ä\1.SensorTile´úÂë\STM32CubeExpansion_BLE1_V2.8.0
#        beancon\Projects\Multi\Applications\Beacon\EWARM\STM32L476RG-Nucleo\UID_Beacon\Obj\LSM6DSM_ACC_GYRO_driver_HL.o"
#        "D:\2.tempPjt\171.SensorTile
#        ÐéÄâ¼Ü×Ó¹Ä\1.SensorTile´úÂë\STM32CubeExpansion_BLE1_V2.8.0
#        beancon\Projects\Multi\Applications\Beacon\EWARM\STM32L476RG-Nucleo\UID_Beacon\Obj\main.o"
#        "D:\2.tempPjt\171.SensorTile
#        ÐéÄâ¼Ü×Ó¹Ä\1.SensorTile´úÂë\STM32CubeExpansion_BLE1_V2.8.0
#        beancon\Projects\Multi\Applications\Beacon\EWARM\STM32L476RG-Nucleo\UID_Beacon\Obj\osal.o"
#        "D:\2.tempPjt\171.SensorTile
#        ÐéÄâ¼Ü×Ó¹Ä\1.SensorTile´úÂë\STM32CubeExpansion_BLE1_V2.8.0
#        beancon\Projects\Multi\Applications\Beacon\EWARM\STM32L476RG-Nucleo\UID_Beacon\Obj\sensor_service.o"
#        "D:\2.tempPjt\171.SensorTile
#        ÐéÄâ¼Ü×Ó¹Ä\1.SensorTile´úÂë\STM32CubeExpansion_BLE1_V2.8.0
#        beancon\Projects\Multi\Applications\Beacon\EWARM\STM32L476RG-Nucleo\UID_Beacon\Obj\SensorTile.o"
#        "D:\2.tempPjt\171.SensorTile
#        ÐéÄâ¼Ü×Ó¹Ä\1.SensorTile´úÂë\STM32CubeExpansion_BLE1_V2.8.0
#        beancon\Projects\Multi\Applications\Beacon\EWARM\STM32L476RG-Nucleo\UID_Beacon\Obj\SensorTile_accelero.o"
#        "D:\2.tempPjt\171.SensorTile
#        ÐéÄâ¼Ü×Ó¹Ä\1.SensorTile´úÂë\STM32CubeExpansion_BLE1_V2.8.0
#        beancon\Projects\Multi\Applications\Beacon\EWARM\STM32L476RG-Nucleo\UID_Beacon\Obj\startup_stm32l476xx.o"
#        "D:\2.tempPjt\171.SensorTile
#        ÐéÄâ¼Ü×Ó¹Ä\1.SensorTile´úÂë\STM32CubeExpansion_BLE1_V2.8.0
#        beancon\Projects\Multi\Applications\Beacon\EWARM\STM32L476RG-Nucleo\UID_Beacon\Obj\stm32_bluenrg_ble.o"
#        "D:\2.tempPjt\171.SensorTile
#        ÐéÄâ¼Ü×Ó¹Ä\1.SensorTile´úÂë\STM32CubeExpansion_BLE1_V2.8.0
#        beancon\Projects\Multi\Applications\Beacon\EWARM\STM32L476RG-Nucleo\UID_Beacon\Obj\stm32l4xx_hal.o"
#        "D:\2.tempPjt\171.SensorTile
#        ÐéÄâ¼Ü×Ó¹Ä\1.SensorTile´úÂë\STM32CubeExpansion_BLE1_V2.8.0
#        beancon\Projects\Multi\Applications\Beacon\EWARM\STM32L476RG-Nucleo\UID_Beacon\Obj\stm32l4xx_hal_adc.o"
#        "D:\2.tempPjt\171.SensorTile
#        ÐéÄâ¼Ü×Ó¹Ä\1.SensorTile´úÂë\STM32CubeExpansion_BLE1_V2.8.0
#        beancon\Projects\Multi\Applications\Beacon\EWARM\STM32L476RG-Nucleo\UID_Beacon\Obj\stm32l4xx_hal_adc_ex.o"
#        "D:\2.tempPjt\171.SensorTile
#        ÐéÄâ¼Ü×Ó¹Ä\1.SensorTile´úÂë\STM32CubeExpansion_BLE1_V2.8.0
#        beancon\Projects\Multi\Applications\Beacon\EWARM\STM32L476RG-Nucleo\UID_Beacon\Obj\stm32l4xx_hal_cortex.o"
#        "D:\2.tempPjt\171.SensorTile
#        ÐéÄâ¼Ü×Ó¹Ä\1.SensorTile´úÂë\STM32CubeExpansion_BLE1_V2.8.0
#        beancon\Projects\Multi\Applications\Beacon\EWARM\STM32L476RG-Nucleo\UID_Beacon\Obj\stm32l4xx_hal_dma.o"
#        "D:\2.tempPjt\171.SensorTile
#        ÐéÄâ¼Ü×Ó¹Ä\1.SensorTile´úÂë\STM32CubeExpansion_BLE1_V2.8.0
#        beancon\Projects\Multi\Applications\Beacon\EWARM\STM32L476RG-Nucleo\UID_Beacon\Obj\stm32l4xx_hal_flash.o"
#        "D:\2.tempPjt\171.SensorTile
#        ÐéÄâ¼Ü×Ó¹Ä\1.SensorTile´úÂë\STM32CubeExpansion_BLE1_V2.8.0
#        beancon\Projects\Multi\Applications\Beacon\EWARM\STM32L476RG-Nucleo\UID_Beacon\Obj\stm32l4xx_hal_flash_ex.o"
#        "D:\2.tempPjt\171.SensorTile
#        ÐéÄâ¼Ü×Ó¹Ä\1.SensorTile´úÂë\STM32CubeExpansion_BLE1_V2.8.0
#        beancon\Projects\Multi\Applications\Beacon\EWARM\STM32L476RG-Nucleo\UID_Beacon\Obj\stm32l4xx_hal_gpio.o"
#        "D:\2.tempPjt\171.SensorTile
#        ÐéÄâ¼Ü×Ó¹Ä\1.SensorTile´úÂë\STM32CubeExpansion_BLE1_V2.8.0
#        beancon\Projects\Multi\Applications\Beacon\EWARM\STM32L476RG-Nucleo\UID_Beacon\Obj\stm32l4xx_hal_i2c.o"
#        "D:\2.tempPjt\171.SensorTile
#        ÐéÄâ¼Ü×Ó¹Ä\1.SensorTile´úÂë\STM32CubeExpansion_BLE1_V2.8.0
#        beancon\Projects\Multi\Applications\Beacon\EWARM\STM32L476RG-Nucleo\UID_Beacon\Obj\stm32l4xx_hal_msp.o"
#        "D:\2.tempPjt\171.SensorTile
#        ÐéÄâ¼Ü×Ó¹Ä\1.SensorTile´úÂë\STM32CubeExpansion_BLE1_V2.8.0
#        beancon\Projects\Multi\Applications\Beacon\EWARM\STM32L476RG-Nucleo\UID_Beacon\Obj\stm32l4xx_hal_pwr.o"
#        "D:\2.tempPjt\171.SensorTile
#        ÐéÄâ¼Ü×Ó¹Ä\1.SensorTile´úÂë\STM32CubeExpansion_BLE1_V2.8.0
#        beancon\Projects\Multi\Applications\Beacon\EWARM\STM32L476RG-Nucleo\UID_Beacon\Obj\stm32l4xx_hal_pwr_ex.o"
#        "D:\2.tempPjt\171.SensorTile
#        ÐéÄâ¼Ü×Ó¹Ä\1.SensorTile´úÂë\STM32CubeExpansion_BLE1_V2.8.0
#        beancon\Projects\Multi\Applications\Beacon\EWARM\STM32L476RG-Nucleo\UID_Beacon\Obj\stm32l4xx_hal_rcc.o"
#        "D:\2.tempPjt\171.SensorTile
#        ÐéÄâ¼Ü×Ó¹Ä\1.SensorTile´úÂë\STM32CubeExpansion_BLE1_V2.8.0
#        beancon\Projects\Multi\Applications\Beacon\EWARM\STM32L476RG-Nucleo\UID_Beacon\Obj\stm32l4xx_hal_rcc_ex.o"
#        "D:\2.tempPjt\171.SensorTile
#        ÐéÄâ¼Ü×Ó¹Ä\1.SensorTile´úÂë\STM32CubeExpansion_BLE1_V2.8.0
#        beancon\Projects\Multi\Applications\Beacon\EWARM\STM32L476RG-Nucleo\UID_Beacon\Obj\stm32l4xx_hal_spi.o"
#        "D:\2.tempPjt\171.SensorTile
#        ÐéÄâ¼Ü×Ó¹Ä\1.SensorTile´úÂë\STM32CubeExpansion_BLE1_V2.8.0
#        beancon\Projects\Multi\Applications\Beacon\EWARM\STM32L476RG-Nucleo\UID_Beacon\Obj\stm32xx_it.o"
#        "D:\2.tempPjt\171.SensorTile
#        ÐéÄâ¼Ü×Ó¹Ä\1.SensorTile´úÂë\STM32CubeExpansion_BLE1_V2.8.0
#        beancon\Projects\Multi\Applications\Beacon\EWARM\STM32L476RG-Nucleo\UID_Beacon\Obj\system_stm32l4xx.o"
#        --redirect _Printf=_PrintfSmall --redirect _Scanf=_ScanfSmall -o
#        "D:\2.tempPjt\171.SensorTile
#        ÐéÄâ¼Ü×Ó¹Ä\1.SensorTile´úÂë\STM32CubeExpansion_BLE1_V2.8.0
#        beancon\Projects\Multi\Applications\Beacon\EWARM\STM32L476RG-Nucleo\UID_Beacon\Exe\Project.out"
#        --map "D:\2.tempPjt\171.SensorTile
#        ÐéÄâ¼Ü×Ó¹Ä\1.SensorTile´úÂë\STM32CubeExpansion_BLE1_V2.8.0
#        beancon\Projects\Multi\Applications\Beacon\EWARM\STM32L476RG-Nucleo\UID_Beacon\List\Project.map"
#        --config "D:\2.tempPjt\171.SensorTile
#        ÐéÄâ¼Ü×Ó¹Ä\1.SensorTile´úÂë\STM32CubeExpansion_BLE1_V2.8.0
#        beancon\Projects\Multi\Applications\Beacon\EWARM\STM32L476RG-Nucleo\stm32l476xx_flash.icf"
#        --semihosting --entry __iar_program_start --vfe
#
###############################################################################

*******************************************************************************
*** RUNTIME MODEL ATTRIBUTES
***

CppFlavor       = *
__SystemLibrary = DLib


*******************************************************************************
*** PLACEMENT SUMMARY
***

"A0":  place at 0x08000000 { ro section .intvec };
"P1":  place in [from 0x08000000 to 0x080fffff] { ro };
"P2":  place in [from 0x20000000 to 0x20017fff] { rw, block CSTACK, block HEAP };
initialize by copy { rw };

  Section            Kind        Address    Size  Object
  -------            ----        -------    ----  ------
"A0":                                      0x188
  .intvec            ro code  0x08000000   0x188  startup_stm32l476xx.o [1]
                            - 0x08000188   0x188

"P1":                                     0x52cf
  .text              ro code  0x08000188   0xbd8  LSM6DSM_ACC_GYRO_driver_HL.o [1]
  .text              ro code  0x08000d60   0x738  LSM6DSM_ACC_GYRO_driver.o [1]
  .text              ro code  0x08001498   0x4c0  SensorTile.o [1]
  .text              ro code  0x08001958   0x1f4  stm32l4xx_hal_gpio.o [1]
  .text              ro code  0x08001b4c   0x476  stm32l4xx_hal_spi.o [1]
  .text              ro code  0x08001fc4   0x5b2  stm32l4xx_hal_i2c.o [1]
  .text              ro code  0x08002578    0xd0  stm32l4xx_hal_cortex.o [1]
  .text              ro code  0x08002648   0x53a  stm32l4xx_hal_rcc_ex.o [1]
  .text              ro code  0x08002b84    0xa8  main.o [1]
  .text              ro code  0x08002c2c   0x148  stm32l4xx_hal_msp.o [1]
  .text              ro code  0x08002d74     0xc  stm32l4xx_hal.o [1]
  .text              ro code  0x08002d80     0x2  stm32l4xx_hal_i2c.o [1]
  .text              ro code  0x08002d84   0x1e2  SensorTile_accelero.o [1]
  .text              ro code  0x08002f68    0x18  stm32l4xx_hal.o [1]
  .text              ro code  0x08002f80    0x68  cube_hal_l4.o [1]
  .text              ro code  0x08002fe8   0x23c  stm32_bluenrg_ble.o [1]
  .text              ro code  0x08003224   0x2d0  hci.o [1]
  .text              ro code  0x080034f4    0x8c  bluenrg_interface.o [1]
  .text              ro code  0x08003580   0x1e0  eddystone_beacon.o [1]
  .text              ro code  0x08003760    0x16  stm32l4xx_hal.o [1]
  .text              ro code  0x08003778     0x6  ABImemclr.o [5]
  .text              ro code  0x08003780    0x28  stm32l4xx_hal.o [1]
  .text              ro code  0x080037a8     0x6  ABImemclr4.o [5]
  .text              ro code  0x080037b0   0x660  stm32l4xx_hal_rcc.o [1]
  .text              ro code  0x08003e10    0x28  gp_timer.o [1]
  .text              ro code  0x08003e38    0xb2  ble_list.o [1]
  .text              ro code  0x08003eea     0x2  sensor_service.o [1]
  .text              ro code  0x08003eec    0x20  osal.o [1]
  .text              ro code  0x08003f0c    0x58  bluenrg_utils_small.o [1]
  .text              ro code  0x08003f64    0xc6  bluenrg_hal_aci.o [1]
  .text              ro code  0x0800402a    0x4c  bluenrg_gatt_aci.o [1]
  .text              ro code  0x08004076   0x284  bluenrg_gap_aci.o [1]
  .text              ro code  0x080042fa   0x112  hci_le.o [1]
  .text              ro code  0x0800440c    0x76  ABImemcpy_unaligned.o [5]
  .text              ro code  0x08004484    0x66  ABImemset.o [5]
  .text              ro code  0x080044ec    0x32  ABImemset48.o [5]
  .text              ro code  0x08004520    0x10  stm32l4xx_hal_pwr_ex.o [1]
  .text              ro code  0x08004530   0x5f0  LSM303AGR_ACC_driver_HL.o [1]
  .text              ro code  0x08004b20   0x370  LSM303AGR_ACC_driver.o [1]
  .text              ro code  0x08004e90   0x132  I64DivMod.o [5]
  .text              ro code  0x08004fc4     0x2  I64DivZer.o [5]
  .text              ro code  0x08004fc8    0x8c  system_stm32l4xx.o [1]
  .text              ro code  0x08005054    0x78  lz77_init_single.o [5]
  .text              ro code  0x080050cc    0x40  zero_init3.o [5]
  .text              ro code  0x0800510c    0x28  data_init.o [5]
  .text              ro code  0x08005134    0x26  stm32xx_it.o [1]
  .text              ro code  0x0800515c    0x10  stm32l4xx_hal.o [1]
  .text              ro code  0x0800516c    0x22  fpinit_M.o [4]
  .iar.init_table    const    0x08005190    0x20  - Linker created -
  .text              ro code  0x080051b0    0x1a  cmain.o [5]
  .text              ro code  0x080051ca     0x4  low_level_init.o [3]
  .text              ro code  0x080051ce     0x4  exit.o [3]
  .text              ro code  0x080051d4     0xa  cexit.o [5]
  .text              ro code  0x080051e0    0x14  exit.o [6]
  .text              ro code  0x080051f4    0x10  startup_stm32l476xx.o [1]
  .text              ro code  0x08005204     0xc  cstartup_M.o [5]
  .text              ro code  0x08005210     0x4  startup_stm32l476xx.o [1]
  .text              ro code  0x08005214     0x4  startup_stm32l476xx.o [1]
  .text              ro code  0x08005218     0x4  startup_stm32l476xx.o [1]
  .text              ro code  0x0800521c     0x4  startup_stm32l476xx.o [1]
  .text              ro code  0x08005220     0x4  startup_stm32l476xx.o [1]
  .text              ro code  0x08005224     0x4  startup_stm32l476xx.o [1]
  .text              ro code  0x08005228     0x4  startup_stm32l476xx.o [1]
  .text              ro code  0x0800522c     0x4  startup_stm32l476xx.o [1]
  .text              ro code  0x08005230     0x4  startup_stm32l476xx.o [1]
  .text              ro code  0x08005234     0x4  startup_stm32l476xx.o [1]
  .text              ro code  0x08005238     0x4  startup_stm32l476xx.o [1]
  .text              ro code  0x0800523c     0x4  startup_stm32l476xx.o [1]
  .text              ro code  0x08005240     0x4  startup_stm32l476xx.o [1]
  .text              ro code  0x08005244     0x4  startup_stm32l476xx.o [1]
  .text              ro code  0x08005248     0x4  startup_stm32l476xx.o [1]
  .text              ro code  0x0800524c     0x4  startup_stm32l476xx.o [1]
  .text              ro code  0x08005250     0x4  startup_stm32l476xx.o [1]
  .text              ro code  0x08005254     0x4  startup_stm32l476xx.o [1]
  .text              ro code  0x08005258     0x4  startup_stm32l476xx.o [1]
  .text              ro code  0x0800525c     0x4  startup_stm32l476xx.o [1]
  .text              ro code  0x08005260     0x4  startup_stm32l476xx.o [1]
  .text              ro code  0x08005264     0x4  startup_stm32l476xx.o [1]
  .text              ro code  0x08005268     0x4  startup_stm32l476xx.o [1]
  .text              ro code  0x0800526c     0x4  startup_stm32l476xx.o [1]
  .text              ro code  0x08005270     0x4  startup_stm32l476xx.o [1]
  .text              ro code  0x08005274     0x4  startup_stm32l476xx.o [1]
  .text              ro code  0x08005278     0x4  startup_stm32l476xx.o [1]
  .text              ro code  0x0800527c     0x4  startup_stm32l476xx.o [1]
  .text              ro code  0x08005280     0x4  startup_stm32l476xx.o [1]
  .text              ro code  0x08005284     0x4  startup_stm32l476xx.o [1]
  .text              ro code  0x08005288     0x4  startup_stm32l476xx.o [1]
  .text              ro code  0x0800528c     0x4  startup_stm32l476xx.o [1]
  .text              ro code  0x08005290     0x4  startup_stm32l476xx.o [1]
  .text              ro code  0x08005294     0x4  startup_stm32l476xx.o [1]
  .text              ro code  0x08005298     0x4  startup_stm32l476xx.o [1]
  .text              ro code  0x0800529c     0x4  startup_stm32l476xx.o [1]
  .text              ro code  0x080052a0     0x4  startup_stm32l476xx.o [1]
  .text              ro code  0x080052a4     0x4  startup_stm32l476xx.o [1]
  .text              ro code  0x080052a8     0x4  startup_stm32l476xx.o [1]
  .text              ro code  0x080052ac     0x4  startup_stm32l476xx.o [1]
  .text              ro code  0x080052b0     0x4  startup_stm32l476xx.o [1]
  .text              ro code  0x080052b4     0x4  startup_stm32l476xx.o [1]
  .text              ro code  0x080052b8     0x4  startup_stm32l476xx.o [1]
  .text              ro code  0x080052bc     0x4  startup_stm32l476xx.o [1]
  .text              ro code  0x080052c0     0x4  startup_stm32l476xx.o [1]
  .text              ro code  0x080052c4     0x4  startup_stm32l476xx.o [1]
  .text              ro code  0x080052c8     0x4  startup_stm32l476xx.o [1]
  .text              ro code  0x080052cc     0x4  startup_stm32l476xx.o [1]
  .text              ro code  0x080052d0     0x4  startup_stm32l476xx.o [1]
  .text              ro code  0x080052d4     0x4  startup_stm32l476xx.o [1]
  .text              ro code  0x080052d8     0x4  startup_stm32l476xx.o [1]
  .text              ro code  0x080052dc     0x4  startup_stm32l476xx.o [1]
  .text              ro code  0x080052e0     0x4  startup_stm32l476xx.o [1]
  .text              ro code  0x080052e4     0x4  startup_stm32l476xx.o [1]
  .text              ro code  0x080052e8     0x4  startup_stm32l476xx.o [1]
  .text              ro code  0x080052ec     0x4  startup_stm32l476xx.o [1]
  .text              ro code  0x080052f0     0x4  startup_stm32l476xx.o [1]
  .text              ro code  0x080052f4     0x4  startup_stm32l476xx.o [1]
  .text              ro code  0x080052f8     0x4  startup_stm32l476xx.o [1]
  .text              ro code  0x080052fc     0x4  startup_stm32l476xx.o [1]
  .text              ro code  0x08005300     0x4  startup_stm32l476xx.o [1]
  .text              ro code  0x08005304     0x4  startup_stm32l476xx.o [1]
  .text              ro code  0x08005308     0x4  startup_stm32l476xx.o [1]
  .text              ro code  0x0800530c     0x4  startup_stm32l476xx.o [1]
  .text              ro code  0x08005310     0x4  startup_stm32l476xx.o [1]
  .text              ro code  0x08005314     0x4  startup_stm32l476xx.o [1]
  .text              ro code  0x08005318     0x4  startup_stm32l476xx.o [1]
  .text              ro code  0x0800531c     0x4  startup_stm32l476xx.o [1]
  .text              ro code  0x08005320     0x4  startup_stm32l476xx.o [1]
  .text              ro code  0x08005324     0x4  startup_stm32l476xx.o [1]
  .text              ro code  0x08005328     0x4  startup_stm32l476xx.o [1]
  .text              ro code  0x0800532c     0x4  startup_stm32l476xx.o [1]
  .text              ro code  0x08005330     0x4  startup_stm32l476xx.o [1]
  .text              ro code  0x08005334     0x4  startup_stm32l476xx.o [1]
  .text              ro code  0x08005338     0x4  startup_stm32l476xx.o [1]
  .text              ro code  0x0800533c     0x4  startup_stm32l476xx.o [1]
  .text              ro code  0x08005340     0x4  startup_stm32l476xx.o [1]
  .text              ro code  0x08005344     0x4  startup_stm32l476xx.o [1]
  .text              ro code  0x08005348     0x4  startup_stm32l476xx.o [1]
  .text              ro code  0x0800534c     0x4  startup_stm32l476xx.o [1]
  .text              ro code  0x08005350     0x4  startup_stm32l476xx.o [1]
  .text              ro code  0x08005354     0x4  startup_stm32l476xx.o [1]
  .text              ro code  0x08005358     0x4  startup_stm32l476xx.o [1]
  .rodata            const    0x0800535c     0x0  zero_init3.o [5]
  .rodata            const    0x0800535c     0x0  lz77_init_single.o [5]
  Initializer bytes  const    0x0800535c    0xfb  <for P2-1>
                            - 0x08005457  0x52cf

"P2", part 1 of 3:                         0x189
  P2-1                        0x20000000   0x189  <Init block>
    .data            inited   0x20000000    0x44  LSM303AGR_ACC_driver_HL.o [1]
    .data            inited   0x20000044    0x94  LSM6DSM_ACC_GYRO_driver_HL.o [1]
    .data            inited   0x200000d8    0x44  LSM6DSM_ACC_GYRO_driver_HL.o [1]
    .data            inited   0x2000011c    0x68  SensorTile.o [1]
    .data            inited   0x20000184     0x4  system_stm32l4xx.o [1]
    .data            inited   0x20000188     0x1  eddystone_beacon.o [1]
                            - 0x20000189   0x189

"P2", part 2 of 3:                         0x400
  CSTACK                      0x20000190   0x400  <Block>
    CSTACK           uninit   0x20000190   0x400  <Block tail>
                            - 0x20000590   0x400

"P2", part 3 of 3:                         0x45c
  .bss               zero     0x20000590   0x2cc  hci.o [1]
  .bss               zero     0x2000085c    0x64  SensorTile.o [1]
  .bss               zero     0x200008c0    0x64  stm32_bluenrg_ble.o [1]
  .bss               zero     0x20000924    0x4c  SensorTile.o [1]
  .bss               zero     0x20000970    0x48  SensorTile_accelero.o [1]
  .bss               zero     0x200009b8    0x28  main.o [1]
  .bss               zero     0x200009e0     0x4  stm32l4xx_hal.o [1]
  .bss               zero     0x200009e4     0x4  stm32xx_it.o [1]
  .bss               zero     0x200009e8     0x2  LSM303AGR_ACC_driver_HL.o [1]
  .bss               zero     0x200009ea     0x2  LSM6DSM_ACC_GYRO_driver_HL.o [1]
                            - 0x200009ec   0x45c


*******************************************************************************
*** INIT TABLE
***

          Address     Size
          -------     ----
Zero (__iar_zero_init3)
    1 destination range, total size 0x45c:
          0x20000590  0x45c

Copy/lz77 (__iar_lz77_init_single3)
    1 source range, total size 0xfb (63% of destination):
          0x0800535c   0xfb
    1 destination range, total size 0x189:
          0x20000000  0x189



*******************************************************************************
*** MODULE SUMMARY
***

    Module                        ro code  ro data  rw data
    ------                        -------  -------  -------
D:\2.tempPjt\171.SensorTile ÐéÄâ¼Ü×Ó¹Ä\1.SensorTile´úÂë\STM32CubeExpansion_BLE1_V2.8.0 beancon\Projects\Multi\Applications\Beacon\EWARM\STM32L476RG-Nucleo\UID_Beacon\Obj: [1]
    LSM303AGR_ACC_driver.o            880
    LSM303AGR_ACC_driver_HL.o       1 520       43       70
    LSM6DSM_ACC_GYRO_driver.o       1 848
    LSM6DSM_ACC_GYRO_driver_HL.o    3 032      138      218
    SensorTile.o                    1 216       66      280
    SensorTile_accelero.o             482                72
    ble_list.o                        178
    bluenrg_gap_aci.o                 644
    bluenrg_gatt_aci.o                 76
    bluenrg_hal_aci.o                 198
    bluenrg_interface.o               140
    bluenrg_utils_small.o              88
    cube_hal_l4.o                     104
    eddystone_beacon.o                480        1        1
    gp_timer.o                         40
    hci.o                             720               716
    hci_le.o                          274
    main.o                            168                40
    osal.o                             32
    sensor_service.o                    2
    startup_stm32l476xx.o             740
    stm32_bluenrg_ble.o               572               100
    stm32l4xx_hal.o                   114                 4
    stm32l4xx_hal_cortex.o            208
    stm32l4xx_hal_gpio.o              500
    stm32l4xx_hal_i2c.o             1 460
    stm32l4xx_hal_msp.o               328
    stm32l4xx_hal_pwr_ex.o             16
    stm32l4xx_hal_rcc.o             1 632
    stm32l4xx_hal_rcc_ex.o          1 338
    stm32l4xx_hal_spi.o             1 142
    stm32xx_it.o                       38                 4
    system_stm32l4xx.o                140        3        4
    -------------------------------------------------------
    Total:                         20 350      251    1 509

command line: [2]
    -------------------------------------------------------
    Total:

dl7M_tlf.a: [3]
    exit.o                              4
    low_level_init.o                    4
    -------------------------------------------------------
    Total:                              8

m7M_tls.a: [4]
    fpinit_M.o                         34
    -------------------------------------------------------
    Total:                             34

rt7M_tl.a: [5]
    ABImemclr.o                         6
    ABImemclr4.o                        6
    ABImemcpy_unaligned.o             118
    ABImemset.o                       102
    ABImemset48.o                      50
    I64DivMod.o                       306
    I64DivZer.o                         2
    cexit.o                            10
    cmain.o                            26
    cstartup_M.o                       12
    data_init.o                        40
    lz77_init_single.o                120
    zero_init3.o                       64
    -------------------------------------------------------
    Total:                            862

shb_l.a: [6]
    exit.o                             20
    -------------------------------------------------------
    Total:                             20

    Gaps                               32        2
    Linker created                              32    1 024
-----------------------------------------------------------
    Grand Total:                   21 306      285    2 533


*******************************************************************************
*** ENTRY LIST
***

Entry                      Address   Size  Type      Object
-----                      -------   ----  ----      ------
.iar.init_table$$Base   0x08005190          --   Gb  - Linker created -
.iar.init_table$$Limit  0x080051b0          --   Gb  - Linker created -
?main                   0x080051b1         Code  Gb  cmain.o [5]
ACCELERO_Data           0x20000998   0x10  Data  Lc  SensorTile_accelero.o [1]
ACCELERO_SensorHandle   0x20000970   0x28  Data  Lc  SensorTile_accelero.o [1]
AHBPrescTable           0x08005014   0x10  Data  Gb  system_stm32l4xx.o [1]
Accelero_Sensor_Handler
                        0x08002ba1   0x2e  Code  Gb  main.o [1]
BNRG_SPI_Init           0x08003017   0x38  Code  Gb  stm32_bluenrg_ble.o [1]
BSP_ACCELERO_Get_Axes   0x08002f47   0x20  Code  Gb  SensorTile_accelero.o [1]
BSP_ACCELERO_Get_Instance
                        0x08002f35   0x12  Code  Gb  SensorTile_accelero.o [1]
BSP_ACCELERO_Init       0x08002d85   0x3e  Code  Gb  SensorTile_accelero.o [1]
BSP_ACCELERO_IsInitialized
                        0x08002f23   0x12  Code  Gb  SensorTile_accelero.o [1]
BSP_ACCELERO_Sensor_Enable
                        0x08002f09   0x1a  Code  Gb  SensorTile_accelero.o [1]
BSP_LSM303AGR_ACCELERO_Init
                        0x08002e59   0x98  Code  Lc  SensorTile_accelero.o [1]
BSP_LSM6DSM_ACCELERO_Init
                        0x08002dc3   0x96  Code  Lc  SensorTile_accelero.o [1]
BlueNRG_DataPresent     0x08003077   0x12  Code  Gb  stm32_bluenrg_ble.o [1]
BlueNRG_Init            0x080034f5   0x84  Code  Gb  bluenrg_interface.o [1]
BlueNRG_RST             0x0800304f   0x20  Code  Gb  stm32_bluenrg_ble.o [1]
BlueNRG_SPI_Read_All    0x08003089   0xa2  Code  Gb  stm32_bluenrg_ble.o [1]
BlueNRG_SPI_Write       0x0800312b   0xb2  Code  Gb  stm32_bluenrg_ble.o [1]
CSTACK$$Base            0x20000190          --   Gb  - Linker created -
CSTACK$$Limit           0x20000590          --   Gb  - Linker created -
Clear_SPI_EXTI_Flag     0x080031eb    0x8  Code  Gb  stm32_bluenrg_ble.o [1]
DebugMon_Handler        0x0800513b    0x2  Code  Gb  stm32xx_it.o [1]
Disable_SPI_IRQ         0x080031e5    0x6  Code  Gb  stm32_bluenrg_ble.o [1]
EXTI9_5_IRQHandler      0x08005155    0x6  Code  Gb  stm32xx_it.o [1]
EddystoneUID_Init       0x080035b9   0xe2  Code  Gb  eddystone_beacon.o [1]
EddystoneUID_Start      0x08003581   0x38  Code  Gb  eddystone_beacon.o [1]
Enable_SPI_IRQ          0x080031dd    0x2  Code  Gb  stm32_bluenrg_ble.o [1]
HAL_Delay               0x08003761   0x16  Code  Wk  stm32l4xx_hal.o [1]
HAL_GPIO_EXTI_Callback  0x08002c29    0x4  Code  Gb  main.o [1]
HAL_GPIO_EXTI_IRQHandler
                        0x08001b13   0x10  Code  Gb  stm32l4xx_hal_gpio.o [1]
HAL_GPIO_Init           0x08001959  0x1a4  Code  Gb  stm32l4xx_hal_gpio.o [1]
HAL_GPIO_ReadPin        0x08001afd    0xc  Code  Gb  stm32l4xx_hal_gpio.o [1]
HAL_GPIO_WritePin       0x08001b09    0xa  Code  Gb  stm32l4xx_hal_gpio.o [1]
HAL_GetTick             0x08002d75    0xc  Code  Wk  stm32l4xx_hal.o [1]
HAL_I2C_DeInit          0x0800205d   0x26  Code  Gb  stm32l4xx_hal_i2c.o [1]
HAL_I2C_GetState        0x0800231f    0x6  Code  Gb  stm32l4xx_hal_i2c.o [1]
HAL_I2C_Init            0x08001fc5   0x98  Code  Gb  stm32l4xx_hal_i2c.o [1]
HAL_I2C_Mem_Read        0x080021c3   0xe6  Code  Gb  stm32l4xx_hal_i2c.o [1]
HAL_I2C_Mem_Write       0x080020af   0xce  Code  Gb  stm32l4xx_hal_i2c.o [1]
HAL_I2C_MspDeInit       0x08002d81    0x2  Code  Wk  stm32l4xx_hal_i2c.o [1]
HAL_I2C_MspInit         0x08002575    0x2  Code  Wk  stm32l4xx_hal_i2c.o [1]
HAL_IncTick             0x0800515d   0x10  Code  Wk  stm32l4xx_hal.o [1]
HAL_Init                0x08002f69   0x16  Code  Gb  stm32l4xx_hal.o [1]
HAL_InitTick            0x08003781   0x28  Code  Wk  stm32l4xx_hal.o [1]
HAL_MspInit             0x08002f7f    0x2  Code  Wk  stm32l4xx_hal.o [1]
HAL_NVIC_DisableIRQ     0x080025f3    0xa  Code  Gb  stm32l4xx_hal_cortex.o [1]
HAL_NVIC_EnableIRQ      0x080025e7    0xc  Code  Gb  stm32l4xx_hal_cortex.o [1]
HAL_NVIC_SetPriority    0x080025ad   0x3a  Code  Gb  stm32l4xx_hal_cortex.o [1]
HAL_NVIC_SetPriorityGrouping
                        0x08002593   0x1a  Code  Gb  stm32l4xx_hal_cortex.o [1]
HAL_PWREx_GetVoltageRange
                        0x08004521    0xc  Code  Gb  stm32l4xx_hal_pwr_ex.o [1]
HAL_RCCEx_PeriphCLKConfig
                        0x08002649  0x30a  Code  Gb  stm32l4xx_hal_rcc_ex.o [1]
HAL_RCC_ClockConfig     0x08003b73  0x120  Code  Gb  stm32l4xx_hal_rcc.o [1]
HAL_RCC_GetSysClockFreq
                        0x08003cbb   0xae  Code  Gb  stm32l4xx_hal_rcc.o [1]
HAL_RCC_OscConfig       0x080037b1  0x390  Code  Gb  stm32l4xx_hal_rcc.o [1]
HAL_SPI_GetState        0x08001e63    0x6  Code  Gb  stm32l4xx_hal_spi.o [1]
HAL_SPI_Init            0x08001b4d   0xba  Code  Gb  stm32l4xx_hal_spi.o [1]
HAL_SPI_MspInit         0x08002c2d   0xf2  Code  Gb  stm32l4xx_hal_msp.o [1]
HAL_SPI_TransmitReceive
                        0x08001c07  0x22c  Code  Gb  stm32l4xx_hal_spi.o [1]
HAL_SYSTICK_Config      0x08002605   0x28  Code  Gb  stm32l4xx_hal_cortex.o [1]
HCI_Event_CB            0x08003eeb    0x2  Code  Gb  sensor_service.o [1]
HCI_Init                0x08003225   0x2e  Code  Gb  hci.o [1]
HCI_Isr                 0x080032bb   0x62  Code  Gb  hci.o [1]
HCI_Process             0x08003273   0x48  Code  Gb  hci.o [1]
HCI_verify              0x08003253   0x20  Code  Gb  hci.o [1]
Hal_Write_Serial        0x08002fe9   0x2e  Code  Gb  stm32_bluenrg_ble.o [1]
HardFault_Handler       0x08005137    0x2  Code  Gb  stm32xx_it.o [1]
I2C_Flush_TXDR          0x080023f3   0x1c  Code  Lc  stm32l4xx_hal_i2c.o [1]
I2C_IsAcknowledgeFailed
                        0x080024df   0x52  Code  Lc  stm32l4xx_hal_i2c.o [1]
I2C_RequestMemoryRead   0x0800237d   0x4c  Code  Lc  stm32l4xx_hal_i2c.o [1]
I2C_RequestMemoryWrite  0x0800232f   0x4e  Code  Lc  stm32l4xx_hal_i2c.o [1]
I2C_SENSORTILE_Error    0x08001917    0xe  Code  Lc  SensorTile.o [1]
I2C_SENSORTILE_Handle   0x20000924   0x4c  Data  Lc  SensorTile.o [1]
I2C_SENSORTILE_Init     0x0800185b   0xbc  Code  Lc  SensorTile.o [1]
I2C_TransferConfig      0x0800254f   0x1e  Code  Lc  stm32l4xx_hal_i2c.o [1]
I2C_WaitOnFlagUntilTimeout
                        0x0800240f   0x4a  Code  Lc  stm32l4xx_hal_i2c.o [1]
I2C_WaitOnSTOPFlagUntilTimeout
                        0x0800248b   0x2c  Code  Lc  stm32l4xx_hal_i2c.o [1]
I2C_WaitOnTXISFlagUntilTimeout
                        0x08002459   0x32  Code  Lc  stm32l4xx_hal_i2c.o [1]
LSM303AGR_ACC_Get_Acceleration
                        0x08004d4d   0xc0  Code  Gb  LSM303AGR_ACC_driver.o [1]
LSM303AGR_ACC_Get_Raw_Acceleration
                        0x08004d43    0xa  Code  Gb  LSM303AGR_ACC_driver.o [1]
LSM303AGR_ACC_MultiRead
                        0x08004b33    0x6  Code  Gb  LSM303AGR_ACC_driver.o [1]
LSM303AGR_ACC_R_FullScale
                        0x08004c87    0x6  Code  Gb  LSM303AGR_ACC_driver.o [1]
LSM303AGR_ACC_R_HiRes   0x08004c4b    0x8  Code  Gb  LSM303AGR_ACC_driver.o [1]
LSM303AGR_ACC_R_LOWPWR_EN
                        0x08004bf7    0x6  Code  Gb  LSM303AGR_ACC_driver.o [1]
LSM303AGR_ACC_R_ODR     0x08004c33   0x18  Code  Gb  LSM303AGR_ACC_driver.o [1]
LSM303AGR_ACC_R_WHO_AM_I
                        0x08004b45    0x6  Code  Gb  LSM303AGR_ACC_driver.o [1]
LSM303AGR_ACC_R_XEN     0x08004b6d    0x6  Code  Gb  LSM303AGR_ACC_driver.o [1]
LSM303AGR_ACC_R_YEN     0x08004b9d    0x6  Code  Gb  LSM303AGR_ACC_driver.o [1]
LSM303AGR_ACC_R_ZEN     0x08004bd7    0x6  Code  Gb  LSM303AGR_ACC_driver.o [1]
LSM303AGR_ACC_ReadReg   0x08004b21    0x6  Code  Lc  LSM303AGR_ACC_driver.o [1]
LSM303AGR_ACC_Sensitivity_List
                        0x08004e30   0x60  Data  Gb  LSM303AGR_ACC_driver.o [1]
LSM303AGR_ACC_W_BlockDataUpdate
                        0x08004ca7   0x18  Code  Gb  LSM303AGR_ACC_driver.o [1]
LSM303AGR_ACC_W_FifoMode
                        0x08004d19   0x18  Code  Gb  LSM303AGR_ACC_driver.o [1]
LSM303AGR_ACC_W_FullScale
                        0x08004c53   0x18  Code  Gb  LSM303AGR_ACC_driver.o [1]
LSM303AGR_ACC_W_ODR     0x08004c0f   0x24  Code  Gb  LSM303AGR_ACC_driver.o [1]
LSM303AGR_ACC_W_XEN     0x08004b55   0x18  Code  Gb  LSM303AGR_ACC_driver.o [1]
LSM303AGR_ACC_W_YEN     0x08004b85   0x18  Code  Gb  LSM303AGR_ACC_driver.o [1]
LSM303AGR_ACC_W_ZEN     0x08004bb5   0x18  Code  Gb  LSM303AGR_ACC_driver.o [1]
LSM303AGR_ACC_WriteReg  0x08004b27    0xc  Code  Lc  LSM303AGR_ACC_driver.o [1]
LSM303AGR_Combo_Data    0x200009e8    0x2  Data  Gb  LSM303AGR_ACC_driver_HL.o [1]
LSM303AGR_X_0_Data      0x200009b0    0x8  Data  Lc  SensorTile_accelero.o [1]
LSM303AGR_X_0_handle    0x200009dc    0x4  Data  Lc  main.o [1]
LSM303AGR_X_Check_WhoAmI
                        0x08004613   0x2a  Code  Lc  LSM303AGR_ACC_driver_HL.o [1]
LSM303AGR_X_DeInit      0x08004591   0x20  Code  Lc  LSM303AGR_ACC_driver_HL.o [1]
LSM303AGR_X_Drv         0x20000000   0x44  Data  Gb  LSM303AGR_ACC_driver_HL.o [1]
LSM303AGR_X_Get_Axes    0x0800463d   0x24  Code  Lc  LSM303AGR_ACC_driver_HL.o [1]
LSM303AGR_X_Get_AxesRaw
                        0x08004661   0x70  Code  Lc  LSM303AGR_ACC_driver_HL.o [1]
LSM303AGR_X_Get_Axes_Status
                        0x080049c3   0x56  Code  Lc  LSM303AGR_ACC_driver_HL.o [1]
LSM303AGR_X_Get_FS      0x08004911   0x44  Code  Lc  LSM303AGR_ACC_driver_HL.o [1]
LSM303AGR_X_Get_ODR     0x080047d7   0x5c  Code  Lc  LSM303AGR_ACC_driver_HL.o [1]
LSM303AGR_X_Get_Sensitivity
                        0x080046d1   0xfe  Code  Lc  LSM303AGR_ACC_driver_HL.o [1]
LSM303AGR_X_Get_WhoAmI  0x0800460b    0x8  Code  Lc  LSM303AGR_ACC_driver_HL.o [1]
LSM303AGR_X_Init        0x08004531   0x60  Code  Lc  LSM303AGR_ACC_driver_HL.o [1]
LSM303AGR_X_Sensor_Disable
                        0x080045df   0x2c  Code  Lc  LSM303AGR_ACC_driver_HL.o [1]
LSM303AGR_X_Sensor_Enable
                        0x080045bb   0x24  Code  Lc  LSM303AGR_ACC_driver_HL.o [1]
LSM303AGR_X_Set_Axes_Status
                        0x08004a19   0x46  Code  Lc  LSM303AGR_ACC_driver_HL.o [1]
LSM303AGR_X_Set_FS      0x08004963   0x1a  Code  Lc  LSM303AGR_ACC_driver_HL.o [1]
LSM303AGR_X_Set_FS_Value
                        0x0800497d   0x2c  Code  Lc  LSM303AGR_ACC_driver_HL.o [1]
LSM303AGR_X_Set_ODR     0x08004835   0x60  Code  Lc  LSM303AGR_ACC_driver_HL.o [1]
LSM303AGR_X_Set_ODR_Value
                        0x08004895   0x7c  Code  Lc  LSM303AGR_ACC_driver_HL.o [1]
LSM303AGR_X_Set_ODR_Value_When_Enabled
                        0x08004a61   0x58  Code  Lc  LSM303AGR_ACC_driver_HL.o [1]
LSM6DSM_ACC_GYRO_GetRawAccData
                        0x080013e9   0x2a  Code  Gb  LSM6DSM_ACC_GYRO_driver.o [1]
LSM6DSM_ACC_GYRO_Get_GetStepCounter
                        0x08001427   0x20  Code  Gb  LSM6DSM_ACC_GYRO_driver.o [1]
LSM6DSM_ACC_GYRO_R_D6D_EV_STATUS
                        0x080010d3    0xa  Code  Gb  LSM6DSM_ACC_GYRO_driver.o [1]
LSM6DSM_ACC_GYRO_R_DOUBLE_TAP_EV_STATUS
                        0x0800107d    0xa  Code  Gb  LSM6DSM_ACC_GYRO_driver.o [1]
LSM6DSM_ACC_GYRO_R_DSD_XH
                        0x0800109b    0xa  Code  Gb  LSM6DSM_ACC_GYRO_driver.o [1]
LSM6DSM_ACC_GYRO_R_DSD_XL
                        0x08001091    0xa  Code  Gb  LSM6DSM_ACC_GYRO_driver.o [1]
LSM6DSM_ACC_GYRO_R_DSD_YH
                        0x080010ad    0xa  Code  Gb  LSM6DSM_ACC_GYRO_driver.o [1]
LSM6DSM_ACC_GYRO_R_DSD_YL
                        0x080010a5    0x8  Code  Gb  LSM6DSM_ACC_GYRO_driver.o [1]
LSM6DSM_ACC_GYRO_R_DSD_ZH
                        0x080010c9    0xa  Code  Gb  LSM6DSM_ACC_GYRO_driver.o [1]
LSM6DSM_ACC_GYRO_R_DSD_ZL
                        0x080010bf    0xa  Code  Gb  LSM6DSM_ACC_GYRO_driver.o [1]
LSM6DSM_ACC_GYRO_R_FF_EV_STATUS
                        0x0800106b    0xa  Code  Gb  LSM6DSM_ACC_GYRO_driver.o [1]
LSM6DSM_ACC_GYRO_R_FS_XL
                        0x08000e99    0xa  Code  Gb  LSM6DSM_ACC_GYRO_driver.o [1]
LSM6DSM_ACC_GYRO_R_ODR_XL
                        0x08000ebb    0xa  Code  Gb  LSM6DSM_ACC_GYRO_driver.o [1]
LSM6DSM_ACC_GYRO_R_PEDO_EV_STATUS
                        0x080010e5    0xa  Code  Gb  LSM6DSM_ACC_GYRO_driver.o [1]
LSM6DSM_ACC_GYRO_R_SINGLE_TAP_EV_STATUS
                        0x08001087    0xa  Code  Gb  LSM6DSM_ACC_GYRO_driver.o [1]
LSM6DSM_ACC_GYRO_R_TILT_EV_STATUS
                        0x080010ef    0xa  Code  Gb  LSM6DSM_ACC_GYRO_driver.o [1]
LSM6DSM_ACC_GYRO_R_WHO_AM_I
                        0x08000e67    0x6  Code  Gb  LSM6DSM_ACC_GYRO_driver.o [1]
LSM6DSM_ACC_GYRO_R_WU_EV_STATUS
                        0x08001059    0xa  Code  Gb  LSM6DSM_ACC_GYRO_driver.o [1]
LSM6DSM_ACC_GYRO_ReadReg
                        0x08000d61    0x6  Code  Lc  LSM6DSM_ACC_GYRO_driver.o [1]
LSM6DSM_ACC_GYRO_W_6DEvOnInt2
                        0x08001365   0x18  Code  Gb  LSM6DSM_ACC_GYRO_driver.o [1]
LSM6DSM_ACC_GYRO_W_BASIC_INT
                        0x0800114d   0x18  Code  Gb  LSM6DSM_ACC_GYRO_driver.o [1]
LSM6DSM_ACC_GYRO_W_BDU  0x08000f31   0x18  Code  Gb  LSM6DSM_ACC_GYRO_driver.o [1]
LSM6DSM_ACC_GYRO_W_DUR  0x08001201   0x28  Code  Gb  LSM6DSM_ACC_GYRO_driver.o [1]
LSM6DSM_ACC_GYRO_W_EmbeddedAccess
                        0x08000d7f   0x1e  Code  Gb  LSM6DSM_ACC_GYRO_driver.o [1]
LSM6DSM_ACC_GYRO_W_FFEvOnInt2
                        0x08001395   0x18  Code  Gb  LSM6DSM_ACC_GYRO_driver.o [1]
LSM6DSM_ACC_GYRO_W_FF_Duration
                        0x080012f3   0x5a  Code  Gb  LSM6DSM_ACC_GYRO_driver.o [1]
LSM6DSM_ACC_GYRO_W_FF_THS
                        0x080012d5   0x1e  Code  Gb  LSM6DSM_ACC_GYRO_driver.o [1]
LSM6DSM_ACC_GYRO_W_FIFO_MODE
                        0x08000daf   0x18  Code  Gb  LSM6DSM_ACC_GYRO_driver.o [1]
LSM6DSM_ACC_GYRO_W_FS_XL
                        0x08000e77   0x18  Code  Gb  LSM6DSM_ACC_GYRO_driver.o [1]
LSM6DSM_ACC_GYRO_W_FUNC_EN
                        0x08001041   0x18  Code  Gb  LSM6DSM_ACC_GYRO_driver.o [1]
LSM6DSM_ACC_GYRO_W_IF_Addr_Incr
                        0x08000f0d   0x18  Code  Gb  LSM6DSM_ACC_GYRO_driver.o [1]
LSM6DSM_ACC_GYRO_W_ODR_XL
                        0x08000ea3   0x18  Code  Gb  LSM6DSM_ACC_GYRO_driver.o [1]
LSM6DSM_ACC_GYRO_W_PEDO
                        0x0800100b   0x18  Code  Gb  LSM6DSM_ACC_GYRO_driver.o [1]
LSM6DSM_ACC_GYRO_W_PedoStepReset
                        0x08000fdb   0x18  Code  Gb  LSM6DSM_ACC_GYRO_driver.o [1]
LSM6DSM_ACC_GYRO_W_PedoThreshold
                        0x08001447   0x28  Code  Gb  LSM6DSM_ACC_GYRO_driver.o [1]
LSM6DSM_ACC_GYRO_W_QUIET_Duration
                        0x080011cd   0x1a  Code  Gb  LSM6DSM_ACC_GYRO_driver.o [1]
LSM6DSM_ACC_GYRO_W_SHOCK_Duration
                        0x080011b3   0x1a  Code  Gb  LSM6DSM_ACC_GYRO_driver.o [1]
LSM6DSM_ACC_GYRO_W_SINGLE_DOUBLE_TAP_EV
                        0x0800124b   0x18  Code  Gb  LSM6DSM_ACC_GYRO_driver.o [1]
LSM6DSM_ACC_GYRO_W_SIXD_THS
                        0x0800117d   0x18  Code  Gb  LSM6DSM_ACC_GYRO_driver.o [1]
LSM6DSM_ACC_GYRO_W_SLEEP_DUR
                        0x0800126f   0x1a  Code  Gb  LSM6DSM_ACC_GYRO_driver.o [1]
LSM6DSM_ACC_GYRO_W_STEP_DELTA_on_INT2
                        0x08000e4f   0x18  Code  Gb  LSM6DSM_ACC_GYRO_driver.o [1]
LSM6DSM_ACC_GYRO_W_SingleTapOnInt2
                        0x080013d1   0x18  Code  Gb  LSM6DSM_ACC_GYRO_driver.o [1]
LSM6DSM_ACC_GYRO_W_TAP_THS
                        0x08001165   0x18  Code  Gb  LSM6DSM_ACC_GYRO_driver.o [1]
LSM6DSM_ACC_GYRO_W_TAP_X_EN
                        0x08001129   0x18  Code  Gb  LSM6DSM_ACC_GYRO_driver.o [1]
LSM6DSM_ACC_GYRO_W_TAP_Y_EN
                        0x08001111   0x18  Code  Gb  LSM6DSM_ACC_GYRO_driver.o [1]
LSM6DSM_ACC_GYRO_W_TAP_Z_EN
                        0x080010f9   0x18  Code  Gb  LSM6DSM_ACC_GYRO_driver.o [1]
LSM6DSM_ACC_GYRO_W_TILT
                        0x08000ff3   0x18  Code  Gb  LSM6DSM_ACC_GYRO_driver.o [1]
LSM6DSM_ACC_GYRO_W_TIMER_HR
                        0x08001289   0x18  Code  Gb  LSM6DSM_ACC_GYRO_driver.o [1]
LSM6DSM_ACC_GYRO_W_TapEvOnInt2
                        0x0800137d   0x18  Code  Gb  LSM6DSM_ACC_GYRO_driver.o [1]
LSM6DSM_ACC_GYRO_W_TiltEvOnInt2
                        0x0800134d   0x18  Code  Gb  LSM6DSM_ACC_GYRO_driver.o [1]
LSM6DSM_ACC_GYRO_W_WAKE_DUR
                        0x080012ad   0x1a  Code  Gb  LSM6DSM_ACC_GYRO_driver.o [1]
LSM6DSM_ACC_GYRO_W_WK_THS
                        0x08001229   0x22  Code  Gb  LSM6DSM_ACC_GYRO_driver.o [1]
LSM6DSM_ACC_GYRO_W_WUEvOnInt2
                        0x080013b9   0x18  Code  Gb  LSM6DSM_ACC_GYRO_driver.o [1]
LSM6DSM_ACC_GYRO_WriteReg
                        0x08000d67    0xc  Code  Lc  LSM6DSM_ACC_GYRO_driver.o [1]
LSM6DSM_Check_WhoAmI    0x0800062f   0x2a  Code  Lc  LSM6DSM_ACC_GYRO_driver_HL.o [1]
LSM6DSM_Combo_Data      0x200009ea    0x2  Data  Gb  LSM6DSM_ACC_GYRO_driver_HL.o [1]
LSM6DSM_Get_WhoAmI      0x08000627    0x8  Code  Lc  LSM6DSM_ACC_GYRO_driver_HL.o [1]
LSM6DSM_Sensor_IO_ITConfig
                        0x080017c1   0x46  Code  Gb  SensorTile.o [1]
LSM6DSM_X_0_Data        0x200009a8    0x8  Data  Lc  SensorTile_accelero.o [1]
LSM6DSM_X_Check_WhoAmI  0x08000285    0x2  Code  Lc  LSM6DSM_ACC_GYRO_driver_HL.o [1]
LSM6DSM_X_DeInit        0x080001d5   0x64  Code  Lc  LSM6DSM_ACC_GYRO_driver_HL.o [1]
LSM6DSM_X_Disable_6D_Orientation
                        0x08000c5f   0x22  Code  Lc  LSM6DSM_ACC_GYRO_driver_HL.o [1]
LSM6DSM_X_Disable_Double_Tap_Detection
                        0x08000b81   0x64  Code  Lc  LSM6DSM_ACC_GYRO_driver_HL.o [1]
LSM6DSM_X_Disable_Free_Fall_Detection
                        0x080007cb   0x2c  Code  Lc  LSM6DSM_ACC_GYRO_driver_HL.o [1]
LSM6DSM_X_Disable_Pedometer
                        0x08000865   0x32  Code  Lc  LSM6DSM_ACC_GYRO_driver_HL.o [1]
LSM6DSM_X_Disable_Single_Tap_Detection
                        0x08000a99   0x4e  Code  Lc  LSM6DSM_ACC_GYRO_driver_HL.o [1]
LSM6DSM_X_Disable_Step_Counter_Reset
                        0x080008d3    0xc  Code  Lc  LSM6DSM_ACC_GYRO_driver_HL.o [1]
LSM6DSM_X_Disable_Tilt_Detection
                        0x08000925   0x20  Code  Lc  LSM6DSM_ACC_GYRO_driver_HL.o [1]
LSM6DSM_X_Disable_Wake_Up_Detection
                        0x080009b5   0x28  Code  Lc  LSM6DSM_ACC_GYRO_driver_HL.o [1]
LSM6DSM_X_Drv           0x200000d8   0x44  Data  Gb  LSM6DSM_ACC_GYRO_driver_HL.o [1]
LSM6DSM_X_Enable_6D_Orientation
                        0x08000c2d   0x32  Code  Lc  LSM6DSM_ACC_GYRO_driver_HL.o [1]
LSM6DSM_X_Enable_Double_Tap_Detection
                        0x08000b13   0x6e  Code  Lc  LSM6DSM_ACC_GYRO_driver_HL.o [1]
LSM6DSM_X_Enable_Free_Fall_Detection
                        0x0800076d   0x56  Code  Lc  LSM6DSM_ACC_GYRO_driver_HL.o [1]
LSM6DSM_X_Enable_Pedometer
                        0x0800081f   0x3e  Code  Lc  LSM6DSM_ACC_GYRO_driver_HL.o [1]
LSM6DSM_X_Enable_Single_Tap_Detection
                        0x08000a07   0x56  Code  Lc  LSM6DSM_ACC_GYRO_driver_HL.o [1]
LSM6DSM_X_Enable_Step_Counter_Reset
                        0x080008c7    0xc  Code  Lc  LSM6DSM_ACC_GYRO_driver_HL.o [1]
LSM6DSM_X_Enable_Tilt_Detection
                        0x080008e9   0x32  Code  Lc  LSM6DSM_ACC_GYRO_driver_HL.o [1]
LSM6DSM_X_Enable_Wake_Up_Detection
                        0x0800096d   0x38  Code  Lc  LSM6DSM_ACC_GYRO_driver_HL.o [1]
LSM6DSM_X_ExtDrv        0x20000044   0x94  Data  Gb  LSM6DSM_ACC_GYRO_driver_HL.o [1]
LSM6DSM_X_Get_6D_Orientation_Status
                        0x08000c81   0x20  Code  Lc  LSM6DSM_ACC_GYRO_driver_HL.o [1]
LSM6DSM_X_Get_6D_Orientation_XH
                        0x08000cc1   0x20  Code  Lc  LSM6DSM_ACC_GYRO_driver_HL.o [1]
LSM6DSM_X_Get_6D_Orientation_XL
                        0x08000ca1   0x20  Code  Lc  LSM6DSM_ACC_GYRO_driver_HL.o [1]
LSM6DSM_X_Get_6D_Orientation_YH
                        0x08000d01   0x20  Code  Lc  LSM6DSM_ACC_GYRO_driver_HL.o [1]
LSM6DSM_X_Get_6D_Orientation_YL
                        0x08000ce1   0x20  Code  Lc  LSM6DSM_ACC_GYRO_driver_HL.o [1]
LSM6DSM_X_Get_6D_Orientation_ZH
                        0x08000d41   0x20  Code  Lc  LSM6DSM_ACC_GYRO_driver_HL.o [1]
LSM6DSM_X_Get_6D_Orientation_ZL
                        0x08000d21   0x20  Code  Lc  LSM6DSM_ACC_GYRO_driver_HL.o [1]
LSM6DSM_X_Get_Axes      0x08000287   0x1c  Code  Lc  LSM6DSM_ACC_GYRO_driver_HL.o [1]
LSM6DSM_X_Get_AxesRaw   0x080002a3    0xc  Code  Lc  LSM6DSM_ACC_GYRO_driver_HL.o [1]
LSM6DSM_X_Get_Axes_Raw  0x08000659   0x12  Code  Lc  LSM6DSM_ACC_GYRO_driver_HL.o [1]
LSM6DSM_X_Get_Double_Tap_Detection_Status
                        0x08000be5   0x20  Code  Lc  LSM6DSM_ACC_GYRO_driver_HL.o [1]
LSM6DSM_X_Get_FS        0x08000475   0x44  Code  Lc  LSM6DSM_ACC_GYRO_driver_HL.o [1]
LSM6DSM_X_Get_Free_Fall_Detection_Status
                        0x080007f7   0x20  Code  Lc  LSM6DSM_ACC_GYRO_driver_HL.o [1]
LSM6DSM_X_Get_ODR       0x080002f3   0x7c  Code  Lc  LSM6DSM_ACC_GYRO_driver_HL.o [1]
LSM6DSM_X_Get_Pedometer_Status
                        0x08000897   0x20  Code  Lc  LSM6DSM_ACC_GYRO_driver_HL.o [1]
LSM6DSM_X_Get_Sensitivity
                        0x080002af   0x44  Code  Lc  LSM6DSM_ACC_GYRO_driver_HL.o [1]
LSM6DSM_X_Get_Single_Tap_Detection_Status
                        0x08000af3   0x20  Code  Lc  LSM6DSM_ACC_GYRO_driver_HL.o [1]
LSM6DSM_X_Get_Step_Count
                        0x080008bd    0xa  Code  Lc  LSM6DSM_ACC_GYRO_driver_HL.o [1]
LSM6DSM_X_Get_Tilt_Detection_Status
                        0x0800094d   0x20  Code  Lc  LSM6DSM_ACC_GYRO_driver_HL.o [1]
LSM6DSM_X_Get_Wake_Up_Detection_Status
                        0x080009dd   0x20  Code  Lc  LSM6DSM_ACC_GYRO_driver_HL.o [1]
LSM6DSM_X_Get_WhoAmI    0x08000283    0x2  Code  Lc  LSM6DSM_ACC_GYRO_driver_HL.o [1]
LSM6DSM_X_Init          0x08000189   0x4c  Code  Lc  LSM6DSM_ACC_GYRO_driver_HL.o [1]
LSM6DSM_X_Sensor_Disable
                        0x08000257   0x2c  Code  Lc  LSM6DSM_ACC_GYRO_driver_HL.o [1]
LSM6DSM_X_Sensor_Enable
                        0x08000239   0x1e  Code  Lc  LSM6DSM_ACC_GYRO_driver_HL.o [1]
LSM6DSM_X_Set_FS        0x080004b9   0x1a  Code  Lc  LSM6DSM_ACC_GYRO_driver_HL.o [1]
LSM6DSM_X_Set_FS_Value  0x080004d5   0x2c  Code  Lc  LSM6DSM_ACC_GYRO_driver_HL.o [1]
LSM6DSM_X_Set_Free_Fall_Threshold
                        0x08000817    0x8  Code  Lc  LSM6DSM_ACC_GYRO_driver_HL.o [1]
LSM6DSM_X_Set_ODR       0x08000375   0x5a  Code  Lc  LSM6DSM_ACC_GYRO_driver_HL.o [1]
LSM6DSM_X_Set_ODR_Value
                        0x080003d1   0xa4  Code  Lc  LSM6DSM_ACC_GYRO_driver_HL.o [1]
LSM6DSM_X_Set_ODR_Value_When_Enabled
                        0x0800066d   0x82  Code  Lc  LSM6DSM_ACC_GYRO_driver_HL.o [1]
LSM6DSM_X_Set_Pedometer_Threshold
                        0x080008df    0xa  Code  Lc  LSM6DSM_ACC_GYRO_driver_HL.o [1]
LSM6DSM_X_Set_Tap_Duration_Time
                        0x08000c23    0xa  Code  Lc  LSM6DSM_ACC_GYRO_driver_HL.o [1]
LSM6DSM_X_Set_Tap_Quiet_Time
                        0x08000c19    0xa  Code  Lc  LSM6DSM_ACC_GYRO_driver_HL.o [1]
LSM6DSM_X_Set_Tap_Shock_Time
                        0x08000c0f    0xa  Code  Lc  LSM6DSM_ACC_GYRO_driver_HL.o [1]
LSM6DSM_X_Set_Tap_Threshold
                        0x08000c05    0xa  Code  Lc  LSM6DSM_ACC_GYRO_driver_HL.o [1]
LSM6DSM_X_Set_Wake_Up_Threshold
                        0x080009fd    0xa  Code  Lc  LSM6DSM_ACC_GYRO_driver_HL.o [1]
MSIRangeTable           0x08005024   0x30  Data  Gb  system_stm32l4xx.o [1]
NMI_Handler             0x08005135    0x2  Code  Gb  stm32xx_it.o [1]
NVIC_SetPriority        0x08002579   0x1a  Code  Lc  stm32l4xx_hal_cortex.o [1]
Osal_MemCpy             0x08003eed    0xc  Code  Gb  osal.o [1]
Osal_MemSet             0x08003ef9   0x14  Code  Gb  osal.o [1]
PendSV_Handler          0x0800513d    0x2  Code  Gb  stm32xx_it.o [1]
RCCEx_PLLSAI1_Config    0x08002987   0xd6  Code  Lc  stm32l4xx_hal_rcc_ex.o [1]
RCCEx_PLLSAI2_Config    0x08002a65   0xbc  Code  Lc  stm32l4xx_hal_rcc_ex.o [1]
RCC_SetFlashLatencyFromMSIRange
                        0x08003d69   0x76  Code  Lc  stm32l4xx_hal_rcc.o [1]
Region$$Table$$Base     0x08005190          --   Gb  - Linker created -
Region$$Table$$Limit    0x080051b0          --   Gb  - Linker created -
SPI_EndRxTxTransaction  0x08001f8d   0x20  Code  Lc  stm32l4xx_hal_spi.o [1]
SPI_Read                0x08001809   0x36  Code  Gb  SensorTile.o [1]
SPI_SD_Handle           0x2000011c   0x64  Data  Lc  SensorTile.o [1]
SPI_Sensor_Handle       0x2000085c   0x64  Data  Lc  SensorTile.o [1]
SPI_WaitFifoStateUntilTimeout
                        0x08001ed3   0x64  Code  Lc  stm32l4xx_hal_spi.o [1]
SPI_WaitFlagStateUntilTimeout
                        0x08001e81   0x4c  Code  Lc  stm32l4xx_hal_spi.o [1]
SPI_Write               0x0800183f   0x1c  Code  Gb  SensorTile.o [1]
SVC_Handler             0x08005139    0x2  Code  Gb  stm32xx_it.o [1]
Sensor_IO_I2C_Read      0x0800167b    0xc  Code  Gb  SensorTile.o [1]
Sensor_IO_I2C_Write     0x0800164d    0xe  Code  Gb  SensorTile.o [1]
Sensor_IO_Read          0x0800165b   0x20  Code  Gb  SensorTile.o [1]
Sensor_IO_SPI_CS_Disable
                        0x08001785   0x32  Code  Gb  SensorTile.o [1]
Sensor_IO_SPI_CS_Enable
                        0x0800174d   0x38  Code  Gb  SensorTile.o [1]
Sensor_IO_SPI_CS_Init   0x08001559   0x96  Code  Gb  SensorTile.o [1]
Sensor_IO_SPI_Init      0x08001499   0xac  Code  Gb  SensorTile.o [1]
Sensor_IO_SPI_Read      0x080016e1   0x4c  Code  Gb  SensorTile.o [1]
Sensor_IO_SPI_Write     0x080016ad   0x34  Code  Gb  SensorTile.o [1]
Sensor_IO_Write         0x0800162d   0x20  Code  Gb  SensorTile.o [1]
SpiHandle               0x200008c0   0x64  Data  Gb  stm32_bluenrg_ble.o [1]
SpixTimeout             0x20000180    0x4  Data  Gb  SensorTile.o [1]
SysTick_Handler         0x0800513f   0x10  Code  Gb  stm32xx_it.o [1]
SystemClock_Config      0x08002f81   0x68  Code  Gb  cube_hal_l4.o [1]
SystemCoreClock         0x20000184    0x4  Data  Gb  system_stm32l4xx.o [1]
SystemInit              0x08004fc9   0x3c  Code  Gb  system_stm32l4xx.o [1]
Timer_Expired           0x08003e21   0x18  Code  Gb  gp_timer.o [1]
Timer_Set               0x08003e11    0x8  Code  Gb  gp_timer.o [1]
UpdateAdvStr            0x0800369b   0x42  Code  Gb  eddystone_beacon.o [1]
__aeabi_ldiv0           0x08004fc5         Code  Gb  I64DivZer.o [5]
__aeabi_ldivmod         0x08004e91         Code  Gb  I64DivMod.o [5]
__aeabi_memclr          0x08003779         Code  Gb  ABImemclr.o [5]
__aeabi_memclr4         0x080037a9         Code  Gb  ABImemclr4.o [5]
__aeabi_memset          0x08004485         Code  Gb  ABImemset.o [5]
__aeabi_uldivmod        0x08004ed5         Code  Gb  I64DivMod.o [5]
__cmain                 0x080051b1         Code  Gb  cmain.o [5]
__exit                  0x080051e1   0x14  Code  Gb  exit.o [6]
__iar_Memset            0x08004485         Code  Gb  ABImemset.o [5]
__iar_Memset4_word      0x080044ed         Code  Gb  ABImemset48.o [5]
__iar_Memset8_word      0x080044ed         Code  Gb  ABImemset48.o [5]
__iar_Memset_word       0x0800448d         Code  Gb  ABImemset.o [5]
__iar_data_init3        0x0800510d   0x28  Code  Gb  data_init.o [5]
__iar_init_vfp          0x0800516d         Code  Gb  fpinit_M.o [4]
__iar_lz77_init_single3
                        0x08005055   0x78  Code  Gb  lz77_init_single.o [5]
__iar_program_start     0x08005205         Code  Gb  cstartup_M.o [5]
__iar_unaligned___aeabi_memcpy
                        0x0800440d         Code  Gb  ABImemcpy_unaligned.o [5]
__iar_unaligned___aeabi_memcpy4
                        0x0800442d         Code  Gb  ABImemcpy_unaligned.o [5]
__iar_unaligned___aeabi_memcpy8
                        0x0800442d         Code  Gb  ABImemcpy_unaligned.o [5]
__iar_zero_init3        0x080050cd   0x40  Code  Gb  zero_init3.o [5]
__low_level_init        0x080051cb    0x4  Code  Gb  low_level_init.o [3]
__vector_table          0x08000000         Data  Gb  startup_stm32l476xx.o [1]
_call_main              0x080051bd         Code  Gb  cmain.o [5]
_exit                   0x080051d5         Code  Gb  cexit.o [5]
_main                   0x080051c7         Code  Gb  cmain.o [5]
acceleration            0x200009d0    0xc  Data  Gb  main.o [1]
aci_gap_delete_ad_type  0x08004289   0x26  Code  Gb  bluenrg_gap_aci.o [1]
aci_gap_init_IDB04A1    0x080040d7   0x58  Code  Gb  bluenrg_gap_aci.o [1]
aci_gap_init_IDB05A1    0x08004077   0x60  Code  Gb  bluenrg_gap_aci.o [1]
aci_gap_set_discoverable
                        0x0800412f   0x4a  Code  Gb  bluenrg_gap_aci.o [1]
aci_gap_update_adv_data
                        0x0800423b   0x42  Code  Gb  bluenrg_gap_aci.o [1]
aci_gatt_init           0x0800402b   0x28  Code  Gb  bluenrg_gatt_aci.o [1]
aci_hal_set_tx_power_level
                        0x08003fcf   0x3e  Code  Gb  bluenrg_hal_aci.o [1]
aci_hal_write_config_data
                        0x08003f65   0x50  Code  Gb  bluenrg_hal_aci.o [1]
buf                     0x200009b8   0x18  Data  Gb  main.o [1]
c                       0x20000188    0x1  Data  Gb  eddystone_beacon.o [1]
exit                    0x080051cf    0x4  Code  Gb  exit.o [3]
getBlueNRGVersion       0x08003f0d   0x58  Code  Gb  bluenrg_utils_small.o [1]
hciReadPacketBuffer     0x200005a0  0x2bc  Data  Lc  hci.o [1]
hciReadPktPool          0x20000590    0x8  Data  Gb  hci.o [1]
hciReadPktRxQueue       0x20000598    0x8  Data  Gb  hci.o [1]
hci_le_read_local_version
                        0x080042fb   0x50  Code  Gb  hci_le.o [1]
hci_le_set_scan_resp_data
                        0x0800436b   0x36  Code  Gb  hci_le.o [1]
hci_send_cmd            0x08003321   0x38  Code  Gb  hci.o [1]
hci_send_req            0x0800337d  0x168  Code  Gb  hci.o [1]
hci_write               0x0800331d    0x4  Code  Gb  hci.o [1]
initAcceleroSensor      0x08002b85   0x1c  Code  Gb  main.o [1]
list_get_size           0x08003ec7   0x1c  Code  Gb  ble_list.o [1]
list_init_head          0x08003e39    0x6  Code  Gb  ble_list.o [1]
list_insert_head        0x08003e51   0x14  Code  Gb  ble_list.o [1]
list_insert_tail        0x08003e65   0x14  Code  Gb  ble_list.o [1]
list_is_empty           0x08003e3f   0x12  Code  Gb  ble_list.o [1]
list_remove_head        0x08003e91   0x12  Code  Gb  ble_list.o [1]
list_remove_node        0x08003e79   0x12  Code  Gb  ble_list.o [1]
list_remove_tail        0x08003ea3   0x10  Code  Gb  ble_list.o [1]
main                    0x08002bcf   0x54  Code  Gb  main.o [1]
move_list               0x08003359   0x24  Code  Lc  hci.o [1]
ms_counter              0x200009e4    0x4  Data  Gb  stm32xx_it.o [1]
uwTick                  0x200009e0    0x4  Data  Gb  stm32l4xx_hal.o [1]


[1] = D:\2.tempPjt\171.SensorTile ÐéÄâ¼Ü×Ó¹Ä\1.SensorTile´úÂë\STM32CubeExpansion_BLE1_V2.8.0 beancon\Projects\Multi\Applications\Beacon\EWARM\STM32L476RG-Nucleo\UID_Beacon\Obj
[2] = command line
[3] = dl7M_tlf.a
[4] = m7M_tls.a
[5] = rt7M_tl.a
[6] = shb_l.a

  21 306 bytes of readonly  code memory
     285 bytes of readonly  data memory
   2 533 bytes of readwrite data memory

Errors: none
Warnings: none
