###############################################################################
#
# IAR ELF Linker V7.70.1.11437/W32 for ARM                14/Feb/2017  16:06:34
# Copyright 2007-2016 IAR Systems AB.
#
#    Output file  =  
#        D:\2.tempPjt\171.SensorTile
#        ÐéÄâ¼Ü×Ó¹Ä\1.SensorTile´úÂë\STM32CubeExpansion_BLE1_V2.8.0
#        beancon\Projects\Multi\Applications\Beacon\EWARM\STM32L476RG-Nucleo\URL_Beacon\Exe\Project.out
#    Map file     =  
#        D:\2.tempPjt\171.SensorTile
#        ÐéÄâ¼Ü×Ó¹Ä\1.SensorTile´úÂë\STM32CubeExpansion_BLE1_V2.8.0
#        beancon\Projects\Multi\Applications\Beacon\EWARM\STM32L476RG-Nucleo\URL_Beacon\List\Project.map
#    Command line =  
#        "D:\2.tempPjt\171.SensorTile
#        ÐéÄâ¼Ü×Ó¹Ä\1.SensorTile´úÂë\STM32CubeExpansion_BLE1_V2.8.0
#        beancon\Projects\Multi\Applications\Beacon\EWARM\STM32L476RG-Nucleo\URL_Beacon\Obj\ble_list.o"
#        "D:\2.tempPjt\171.SensorTile
#        ÐéÄâ¼Ü×Ó¹Ä\1.SensorTile´úÂë\STM32CubeExpansion_BLE1_V2.8.0
#        beancon\Projects\Multi\Applications\Beacon\EWARM\STM32L476RG-Nucleo\URL_Beacon\Obj\bluenrg_gap_aci.o"
#        "D:\2.tempPjt\171.SensorTile
#        ÐéÄâ¼Ü×Ó¹Ä\1.SensorTile´úÂë\STM32CubeExpansion_BLE1_V2.8.0
#        beancon\Projects\Multi\Applications\Beacon\EWARM\STM32L476RG-Nucleo\URL_Beacon\Obj\bluenrg_gatt_aci.o"
#        "D:\2.tempPjt\171.SensorTile
#        ÐéÄâ¼Ü×Ó¹Ä\1.SensorTile´úÂë\STM32CubeExpansion_BLE1_V2.8.0
#        beancon\Projects\Multi\Applications\Beacon\EWARM\STM32L476RG-Nucleo\URL_Beacon\Obj\bluenrg_hal_aci.o"
#        "D:\2.tempPjt\171.SensorTile
#        ÐéÄâ¼Ü×Ó¹Ä\1.SensorTile´úÂë\STM32CubeExpansion_BLE1_V2.8.0
#        beancon\Projects\Multi\Applications\Beacon\EWARM\STM32L476RG-Nucleo\URL_Beacon\Obj\bluenrg_interface.o"
#        "D:\2.tempPjt\171.SensorTile
#        ÐéÄâ¼Ü×Ó¹Ä\1.SensorTile´úÂë\STM32CubeExpansion_BLE1_V2.8.0
#        beancon\Projects\Multi\Applications\Beacon\EWARM\STM32L476RG-Nucleo\URL_Beacon\Obj\bluenrg_itf.o"
#        "D:\2.tempPjt\171.SensorTile
#        ÐéÄâ¼Ü×Ó¹Ä\1.SensorTile´úÂë\STM32CubeExpansion_BLE1_V2.8.0
#        beancon\Projects\Multi\Applications\Beacon\EWARM\STM32L476RG-Nucleo\URL_Beacon\Obj\bluenrg_l2cap_aci.o"
#        "D:\2.tempPjt\171.SensorTile
#        ÐéÄâ¼Ü×Ó¹Ä\1.SensorTile´úÂë\STM32CubeExpansion_BLE1_V2.8.0
#        beancon\Projects\Multi\Applications\Beacon\EWARM\STM32L476RG-Nucleo\URL_Beacon\Obj\bluenrg_utils_small.o"
#        "D:\2.tempPjt\171.SensorTile
#        ÐéÄâ¼Ü×Ó¹Ä\1.SensorTile´úÂë\STM32CubeExpansion_BLE1_V2.8.0
#        beancon\Projects\Multi\Applications\Beacon\EWARM\STM32L476RG-Nucleo\URL_Beacon\Obj\cube_hal_l4.o"
#        "D:\2.tempPjt\171.SensorTile
#        ÐéÄâ¼Ü×Ó¹Ä\1.SensorTile´úÂë\STM32CubeExpansion_BLE1_V2.8.0
#        beancon\Projects\Multi\Applications\Beacon\EWARM\STM32L476RG-Nucleo\URL_Beacon\Obj\eddystone_beacon.o"
#        "D:\2.tempPjt\171.SensorTile
#        ÐéÄâ¼Ü×Ó¹Ä\1.SensorTile´úÂë\STM32CubeExpansion_BLE1_V2.8.0
#        beancon\Projects\Multi\Applications\Beacon\EWARM\STM32L476RG-Nucleo\URL_Beacon\Obj\gp_timer.o"
#        "D:\2.tempPjt\171.SensorTile
#        ÐéÄâ¼Ü×Ó¹Ä\1.SensorTile´úÂë\STM32CubeExpansion_BLE1_V2.8.0
#        beancon\Projects\Multi\Applications\Beacon\EWARM\STM32L476RG-Nucleo\URL_Beacon\Obj\hci.o"
#        "D:\2.tempPjt\171.SensorTile
#        ÐéÄâ¼Ü×Ó¹Ä\1.SensorTile´úÂë\STM32CubeExpansion_BLE1_V2.8.0
#        beancon\Projects\Multi\Applications\Beacon\EWARM\STM32L476RG-Nucleo\URL_Beacon\Obj\hci_le.o"
#        "D:\2.tempPjt\171.SensorTile
#        ÐéÄâ¼Ü×Ó¹Ä\1.SensorTile´úÂë\STM32CubeExpansion_BLE1_V2.8.0
#        beancon\Projects\Multi\Applications\Beacon\EWARM\STM32L476RG-Nucleo\URL_Beacon\Obj\main.o"
#        "D:\2.tempPjt\171.SensorTile
#        ÐéÄâ¼Ü×Ó¹Ä\1.SensorTile´úÂë\STM32CubeExpansion_BLE1_V2.8.0
#        beancon\Projects\Multi\Applications\Beacon\EWARM\STM32L476RG-Nucleo\URL_Beacon\Obj\osal.o"
#        "D:\2.tempPjt\171.SensorTile
#        ÐéÄâ¼Ü×Ó¹Ä\1.SensorTile´úÂë\STM32CubeExpansion_BLE1_V2.8.0
#        beancon\Projects\Multi\Applications\Beacon\EWARM\STM32L476RG-Nucleo\URL_Beacon\Obj\sensor_service.o"
#        "D:\2.tempPjt\171.SensorTile
#        ÐéÄâ¼Ü×Ó¹Ä\1.SensorTile´úÂë\STM32CubeExpansion_BLE1_V2.8.0
#        beancon\Projects\Multi\Applications\Beacon\EWARM\STM32L476RG-Nucleo\URL_Beacon\Obj\startup_stm32l476xx.o"
#        "D:\2.tempPjt\171.SensorTile
#        ÐéÄâ¼Ü×Ó¹Ä\1.SensorTile´úÂë\STM32CubeExpansion_BLE1_V2.8.0
#        beancon\Projects\Multi\Applications\Beacon\EWARM\STM32L476RG-Nucleo\URL_Beacon\Obj\stm32_bluenrg_ble.o"
#        "D:\2.tempPjt\171.SensorTile
#        ÐéÄâ¼Ü×Ó¹Ä\1.SensorTile´úÂë\STM32CubeExpansion_BLE1_V2.8.0
#        beancon\Projects\Multi\Applications\Beacon\EWARM\STM32L476RG-Nucleo\URL_Beacon\Obj\stm32l4xx_hal.o"
#        "D:\2.tempPjt\171.SensorTile
#        ÐéÄâ¼Ü×Ó¹Ä\1.SensorTile´úÂë\STM32CubeExpansion_BLE1_V2.8.0
#        beancon\Projects\Multi\Applications\Beacon\EWARM\STM32L476RG-Nucleo\URL_Beacon\Obj\stm32l4xx_hal_adc.o"
#        "D:\2.tempPjt\171.SensorTile
#        ÐéÄâ¼Ü×Ó¹Ä\1.SensorTile´úÂë\STM32CubeExpansion_BLE1_V2.8.0
#        beancon\Projects\Multi\Applications\Beacon\EWARM\STM32L476RG-Nucleo\URL_Beacon\Obj\stm32l4xx_hal_adc_ex.o"
#        "D:\2.tempPjt\171.SensorTile
#        ÐéÄâ¼Ü×Ó¹Ä\1.SensorTile´úÂë\STM32CubeExpansion_BLE1_V2.8.0
#        beancon\Projects\Multi\Applications\Beacon\EWARM\STM32L476RG-Nucleo\URL_Beacon\Obj\stm32l4xx_hal_cortex.o"
#        "D:\2.tempPjt\171.SensorTile
#        ÐéÄâ¼Ü×Ó¹Ä\1.SensorTile´úÂë\STM32CubeExpansion_BLE1_V2.8.0
#        beancon\Projects\Multi\Applications\Beacon\EWARM\STM32L476RG-Nucleo\URL_Beacon\Obj\stm32l4xx_hal_dma.o"
#        "D:\2.tempPjt\171.SensorTile
#        ÐéÄâ¼Ü×Ó¹Ä\1.SensorTile´úÂë\STM32CubeExpansion_BLE1_V2.8.0
#        beancon\Projects\Multi\Applications\Beacon\EWARM\STM32L476RG-Nucleo\URL_Beacon\Obj\stm32l4xx_hal_flash.o"
#        "D:\2.tempPjt\171.SensorTile
#        ÐéÄâ¼Ü×Ó¹Ä\1.SensorTile´úÂë\STM32CubeExpansion_BLE1_V2.8.0
#        beancon\Projects\Multi\Applications\Beacon\EWARM\STM32L476RG-Nucleo\URL_Beacon\Obj\stm32l4xx_hal_flash_ex.o"
#        "D:\2.tempPjt\171.SensorTile
#        ÐéÄâ¼Ü×Ó¹Ä\1.SensorTile´úÂë\STM32CubeExpansion_BLE1_V2.8.0
#        beancon\Projects\Multi\Applications\Beacon\EWARM\STM32L476RG-Nucleo\URL_Beacon\Obj\stm32l4xx_hal_gpio.o"
#        "D:\2.tempPjt\171.SensorTile
#        ÐéÄâ¼Ü×Ó¹Ä\1.SensorTile´úÂë\STM32CubeExpansion_BLE1_V2.8.0
#        beancon\Projects\Multi\Applications\Beacon\EWARM\STM32L476RG-Nucleo\URL_Beacon\Obj\stm32l4xx_hal_msp.o"
#        "D:\2.tempPjt\171.SensorTile
#        ÐéÄâ¼Ü×Ó¹Ä\1.SensorTile´úÂë\STM32CubeExpansion_BLE1_V2.8.0
#        beancon\Projects\Multi\Applications\Beacon\EWARM\STM32L476RG-Nucleo\URL_Beacon\Obj\stm32l4xx_hal_pwr.o"
#        "D:\2.tempPjt\171.SensorTile
#        ÐéÄâ¼Ü×Ó¹Ä\1.SensorTile´úÂë\STM32CubeExpansion_BLE1_V2.8.0
#        beancon\Projects\Multi\Applications\Beacon\EWARM\STM32L476RG-Nucleo\URL_Beacon\Obj\stm32l4xx_hal_pwr_ex.o"
#        "D:\2.tempPjt\171.SensorTile
#        ÐéÄâ¼Ü×Ó¹Ä\1.SensorTile´úÂë\STM32CubeExpansion_BLE1_V2.8.0
#        beancon\Projects\Multi\Applications\Beacon\EWARM\STM32L476RG-Nucleo\URL_Beacon\Obj\stm32l4xx_hal_rcc.o"
#        "D:\2.tempPjt\171.SensorTile
#        ÐéÄâ¼Ü×Ó¹Ä\1.SensorTile´úÂë\STM32CubeExpansion_BLE1_V2.8.0
#        beancon\Projects\Multi\Applications\Beacon\EWARM\STM32L476RG-Nucleo\URL_Beacon\Obj\stm32l4xx_hal_rcc_ex.o"
#        "D:\2.tempPjt\171.SensorTile
#        ÐéÄâ¼Ü×Ó¹Ä\1.SensorTile´úÂë\STM32CubeExpansion_BLE1_V2.8.0
#        beancon\Projects\Multi\Applications\Beacon\EWARM\STM32L476RG-Nucleo\URL_Beacon\Obj\stm32l4xx_hal_spi.o"
#        "D:\2.tempPjt\171.SensorTile
#        ÐéÄâ¼Ü×Ó¹Ä\1.SensorTile´úÂë\STM32CubeExpansion_BLE1_V2.8.0
#        beancon\Projects\Multi\Applications\Beacon\EWARM\STM32L476RG-Nucleo\URL_Beacon\Obj\stm32l4xx_nucleo.o"
#        "D:\2.tempPjt\171.SensorTile
#        ÐéÄâ¼Ü×Ó¹Ä\1.SensorTile´úÂë\STM32CubeExpansion_BLE1_V2.8.0
#        beancon\Projects\Multi\Applications\Beacon\EWARM\STM32L476RG-Nucleo\URL_Beacon\Obj\stm32xx_it.o"
#        "D:\2.tempPjt\171.SensorTile
#        ÐéÄâ¼Ü×Ó¹Ä\1.SensorTile´úÂë\STM32CubeExpansion_BLE1_V2.8.0
#        beancon\Projects\Multi\Applications\Beacon\EWARM\STM32L476RG-Nucleo\URL_Beacon\Obj\system_stm32l4xx.o"
#        --redirect _Printf=_PrintfSmall --redirect _Scanf=_ScanfSmall -o
#        "D:\2.tempPjt\171.SensorTile
#        ÐéÄâ¼Ü×Ó¹Ä\1.SensorTile´úÂë\STM32CubeExpansion_BLE1_V2.8.0
#        beancon\Projects\Multi\Applications\Beacon\EWARM\STM32L476RG-Nucleo\URL_Beacon\Exe\Project.out"
#        --map "D:\2.tempPjt\171.SensorTile
#        ÐéÄâ¼Ü×Ó¹Ä\1.SensorTile´úÂë\STM32CubeExpansion_BLE1_V2.8.0
#        beancon\Projects\Multi\Applications\Beacon\EWARM\STM32L476RG-Nucleo\URL_Beacon\List\Project.map"
#        --config "D:\2.tempPjt\171.SensorTile
#        ÐéÄâ¼Ü×Ó¹Ä\1.SensorTile´úÂë\STM32CubeExpansion_BLE1_V2.8.0
#        beancon\Projects\Multi\Applications\Beacon\EWARM\STM32L476RG-Nucleo\stm32l476xx_flash.icf"
#        --semihosting --entry __iar_program_start --vfe
#
###############################################################################

*******************************************************************************
*** RUNTIME MODEL ATTRIBUTES
***

CppFlavor       = *
__SystemLibrary = DLib


*******************************************************************************
*** PLACEMENT SUMMARY
***

"A0":  place at 0x08000000 { ro section .intvec };
"P1":  place in [from 0x08000000 to 0x080fffff] { ro };
"P2":  place in [from 0x20000000 to 0x20017fff] { rw, block CSTACK, block HEAP };
initialize by copy { rw };

  Section            Kind        Address    Size  Object
  -------            ----        -------    ----  ------
"A0":                                      0x188
  .intvec            ro code  0x08000000   0x188  startup_stm32l476xx.o [1]
                            - 0x08000188   0x188

"P1":                                     0x2180
  .text              ro code  0x08000188   0x660  stm32l4xx_hal_rcc.o [1]
  .text              ro code  0x080007e8     0xc  stm32l4xx_hal.o [1]
  .text              ro code  0x080007f4    0x28  stm32l4xx_hal.o [1]
  .text              ro code  0x0800081c    0x64  stm32l4xx_hal_pwr_ex.o [1]
  .text              ro code  0x08000880    0xd0  stm32l4xx_hal_cortex.o [1]
  .text              ro code  0x08000950   0x470  stm32l4xx_hal_spi.o [1]
  .text              ro code  0x08000dc0   0x148  stm32l4xx_hal_msp.o [1]
  .text              ro code  0x08000f08   0x1f4  stm32l4xx_hal_gpio.o [1]
  .text              ro code  0x080010fc    0x40  main.o [1]
  .text              ro code  0x0800113c    0x18  stm32l4xx_hal.o [1]
  .text              ro code  0x08001154    0x68  cube_hal_l4.o [1]
  .text              ro code  0x080011bc   0x23c  stm32_bluenrg_ble.o [1]
  .text              ro code  0x080013f8   0x2d0  hci.o [1]
  .text              ro code  0x080016c8    0x8c  bluenrg_interface.o [1]
  .text              ro code  0x08001754   0x128  eddystone_beacon.o [1]
  .text              ro code  0x0800187c    0x10  stm32l4xx_hal_pwr.o [1]
  .text              ro code  0x0800188c     0x6  ABImemclr4.o [5]
  .text              ro code  0x08001892    0x28  gp_timer.o [1]
  .text              ro code  0x080018ba    0x16  stm32l4xx_hal.o [1]
  .text              ro code  0x080018d0    0xb2  ble_list.o [1]
  .text              ro code  0x08001982     0x2  sensor_service.o [1]
  .text              ro code  0x08001984    0x20  osal.o [1]
  .text              ro code  0x080019a4    0x58  bluenrg_utils_small.o [1]
  .text              ro code  0x080019fc    0xc6  bluenrg_hal_aci.o [1]
  .text              ro code  0x08001ac2    0x4c  bluenrg_gatt_aci.o [1]
  .text              ro code  0x08001b0e   0x284  bluenrg_gap_aci.o [1]
  .text              ro code  0x08001d94    0x76  ABImemcpy_unaligned.o [5]
  .text              ro code  0x08001e0a   0x112  hci_le.o [1]
  .text              ro code  0x08001f1c    0x32  ABImemset48.o [5]
  .text              ro code  0x08001f50    0x66  ABImemset.o [5]
  .text              ro code  0x08001fb8    0x8c  system_stm32l4xx.o [1]
  .text              ro code  0x08002044    0x40  zero_init3.o [5]
  .text              ro code  0x08002084    0x2c  copy_init3.o [5]
  .text              ro code  0x080020b0    0x28  data_init.o [5]
  .text              ro code  0x080020d8    0x26  stm32xx_it.o [1]
  .text              ro code  0x08002100    0x10  stm32l4xx_hal.o [1]
  .text              ro code  0x08002110    0x22  fpinit_M.o [4]
  .iar.init_table    const    0x08002134    0x24  - Linker created -
  .text              ro code  0x08002158    0x1a  cmain.o [5]
  .text              ro code  0x08002172     0x4  low_level_init.o [3]
  .text              ro code  0x08002176     0x4  exit.o [3]
  .text              ro code  0x0800217c     0xa  cexit.o [5]
  .text              ro code  0x08002188    0x14  exit.o [6]
  .text              ro code  0x0800219c    0x10  startup_stm32l476xx.o [1]
  .text              ro code  0x080021ac     0xc  cstartup_M.o [5]
  .text              ro code  0x080021b8     0x4  startup_stm32l476xx.o [1]
  .text              ro code  0x080021bc     0x4  startup_stm32l476xx.o [1]
  .text              ro code  0x080021c0     0x4  startup_stm32l476xx.o [1]
  .text              ro code  0x080021c4     0x4  startup_stm32l476xx.o [1]
  .text              ro code  0x080021c8     0x4  startup_stm32l476xx.o [1]
  .text              ro code  0x080021cc     0x4  startup_stm32l476xx.o [1]
  .text              ro code  0x080021d0     0x4  startup_stm32l476xx.o [1]
  .text              ro code  0x080021d4     0x4  startup_stm32l476xx.o [1]
  .text              ro code  0x080021d8     0x4  startup_stm32l476xx.o [1]
  .text              ro code  0x080021dc     0x4  startup_stm32l476xx.o [1]
  .text              ro code  0x080021e0     0x4  startup_stm32l476xx.o [1]
  .text              ro code  0x080021e4     0x4  startup_stm32l476xx.o [1]
  .text              ro code  0x080021e8     0x4  startup_stm32l476xx.o [1]
  .text              ro code  0x080021ec     0x4  startup_stm32l476xx.o [1]
  .text              ro code  0x080021f0     0x4  startup_stm32l476xx.o [1]
  .text              ro code  0x080021f4     0x4  startup_stm32l476xx.o [1]
  .text              ro code  0x080021f8     0x4  startup_stm32l476xx.o [1]
  .text              ro code  0x080021fc     0x4  startup_stm32l476xx.o [1]
  .text              ro code  0x08002200     0x4  startup_stm32l476xx.o [1]
  .text              ro code  0x08002204     0x4  startup_stm32l476xx.o [1]
  .text              ro code  0x08002208     0x4  startup_stm32l476xx.o [1]
  .text              ro code  0x0800220c     0x4  startup_stm32l476xx.o [1]
  .text              ro code  0x08002210     0x4  startup_stm32l476xx.o [1]
  .text              ro code  0x08002214     0x4  startup_stm32l476xx.o [1]
  .text              ro code  0x08002218     0x4  startup_stm32l476xx.o [1]
  .text              ro code  0x0800221c     0x4  startup_stm32l476xx.o [1]
  .text              ro code  0x08002220     0x4  startup_stm32l476xx.o [1]
  .text              ro code  0x08002224     0x4  startup_stm32l476xx.o [1]
  .text              ro code  0x08002228     0x4  startup_stm32l476xx.o [1]
  .text              ro code  0x0800222c     0x4  startup_stm32l476xx.o [1]
  .text              ro code  0x08002230     0x4  startup_stm32l476xx.o [1]
  .text              ro code  0x08002234     0x4  startup_stm32l476xx.o [1]
  .text              ro code  0x08002238     0x4  startup_stm32l476xx.o [1]
  .text              ro code  0x0800223c     0x4  startup_stm32l476xx.o [1]
  .text              ro code  0x08002240     0x4  startup_stm32l476xx.o [1]
  .text              ro code  0x08002244     0x4  startup_stm32l476xx.o [1]
  .text              ro code  0x08002248     0x4  startup_stm32l476xx.o [1]
  .text              ro code  0x0800224c     0x4  startup_stm32l476xx.o [1]
  .text              ro code  0x08002250     0x4  startup_stm32l476xx.o [1]
  .text              ro code  0x08002254     0x4  startup_stm32l476xx.o [1]
  .text              ro code  0x08002258     0x4  startup_stm32l476xx.o [1]
  .text              ro code  0x0800225c     0x4  startup_stm32l476xx.o [1]
  .text              ro code  0x08002260     0x4  startup_stm32l476xx.o [1]
  .text              ro code  0x08002264     0x4  startup_stm32l476xx.o [1]
  .text              ro code  0x08002268     0x4  startup_stm32l476xx.o [1]
  .text              ro code  0x0800226c     0x4  startup_stm32l476xx.o [1]
  .text              ro code  0x08002270     0x4  startup_stm32l476xx.o [1]
  .text              ro code  0x08002274     0x4  startup_stm32l476xx.o [1]
  .text              ro code  0x08002278     0x4  startup_stm32l476xx.o [1]
  .text              ro code  0x0800227c     0x4  startup_stm32l476xx.o [1]
  .text              ro code  0x08002280     0x4  startup_stm32l476xx.o [1]
  .text              ro code  0x08002284     0x4  startup_stm32l476xx.o [1]
  .text              ro code  0x08002288     0x4  startup_stm32l476xx.o [1]
  .text              ro code  0x0800228c     0x4  startup_stm32l476xx.o [1]
  .text              ro code  0x08002290     0x4  startup_stm32l476xx.o [1]
  .text              ro code  0x08002294     0x4  startup_stm32l476xx.o [1]
  .text              ro code  0x08002298     0x4  startup_stm32l476xx.o [1]
  .text              ro code  0x0800229c     0x4  startup_stm32l476xx.o [1]
  .text              ro code  0x080022a0     0x4  startup_stm32l476xx.o [1]
  .text              ro code  0x080022a4     0x4  startup_stm32l476xx.o [1]
  .text              ro code  0x080022a8     0x4  startup_stm32l476xx.o [1]
  .text              ro code  0x080022ac     0x4  startup_stm32l476xx.o [1]
  .text              ro code  0x080022b0     0x4  startup_stm32l476xx.o [1]
  .text              ro code  0x080022b4     0x4  startup_stm32l476xx.o [1]
  .text              ro code  0x080022b8     0x4  startup_stm32l476xx.o [1]
  .text              ro code  0x080022bc     0x4  startup_stm32l476xx.o [1]
  .text              ro code  0x080022c0     0x4  startup_stm32l476xx.o [1]
  .text              ro code  0x080022c4     0x4  startup_stm32l476xx.o [1]
  .text              ro code  0x080022c8     0x4  startup_stm32l476xx.o [1]
  .text              ro code  0x080022cc     0x4  startup_stm32l476xx.o [1]
  .text              ro code  0x080022d0     0x4  startup_stm32l476xx.o [1]
  .text              ro code  0x080022d4     0x4  startup_stm32l476xx.o [1]
  .text              ro code  0x080022d8     0x4  startup_stm32l476xx.o [1]
  .text              ro code  0x080022dc     0x4  startup_stm32l476xx.o [1]
  .text              ro code  0x080022e0     0x4  startup_stm32l476xx.o [1]
  .text              ro code  0x080022e4     0x4  startup_stm32l476xx.o [1]
  .text              ro code  0x080022e8     0x4  startup_stm32l476xx.o [1]
  .text              ro code  0x080022ec     0x4  startup_stm32l476xx.o [1]
  .text              ro code  0x080022f0     0x4  startup_stm32l476xx.o [1]
  .text              ro code  0x080022f4     0x4  startup_stm32l476xx.o [1]
  .text              ro code  0x080022f8     0x4  startup_stm32l476xx.o [1]
  .text              ro code  0x080022fc     0x4  startup_stm32l476xx.o [1]
  .text              ro code  0x08002300     0x4  startup_stm32l476xx.o [1]
  Initializer bytes  const    0x08002304     0x4  <for P2-1>
  .rodata            const    0x08002308     0x0  zero_init3.o [5]
  .rodata            const    0x08002308     0x0  copy_init3.o [5]
                            - 0x08002308  0x2180

"P2", part 1 of 3:                           0x4
  P2-1                        0x20000000     0x4  <Init block>
    .data            inited   0x20000000     0x4  system_stm32l4xx.o [1]
                            - 0x20000004     0x4

"P2", part 2 of 3:                         0x400
  CSTACK                      0x20000008   0x400  <Block>
    CSTACK           uninit   0x20000008   0x400  <Block tail>
                            - 0x20000408   0x400

"P2", part 3 of 3:                         0x338
  .bss               zero     0x20000408   0x2cc  hci.o [1]
  .bss               zero     0x200006d4    0x64  stm32_bluenrg_ble.o [1]
  .bss               zero     0x20000738     0x4  stm32l4xx_hal.o [1]
  .bss               zero     0x2000073c     0x4  stm32xx_it.o [1]
                            - 0x20000740   0x338


*******************************************************************************
*** INIT TABLE
***

          Address     Size
          -------     ----
Zero (__iar_zero_init3)
    1 destination range, total size 0x338:
          0x20000408  0x338

Copy (__iar_copy_init3)
    1 source range, total size 0x4:
          0x08002304    0x4
    1 destination range, total size 0x4:
          0x20000000    0x4



*******************************************************************************
*** MODULE SUMMARY
***

    Module                  ro code  ro data  rw data
    ------                  -------  -------  -------
D:\2.tempPjt\171.SensorTile ÐéÄâ¼Ü×Ó¹Ä\1.SensorTile´úÂë\STM32CubeExpansion_BLE1_V2.8.0 beancon\Projects\Multi\Applications\Beacon\EWARM\STM32L476RG-Nucleo\URL_Beacon\Obj: [1]
    ble_list.o                  178
    bluenrg_gap_aci.o           644
    bluenrg_gatt_aci.o           76
    bluenrg_hal_aci.o           198
    bluenrg_interface.o         140
    bluenrg_utils_small.o        88
    cube_hal_l4.o               104
    eddystone_beacon.o          296
    gp_timer.o                   40
    hci.o                       720               716
    hci_le.o                    274
    main.o                       64
    osal.o                       32
    sensor_service.o              2
    startup_stm32l476xx.o       740
    stm32_bluenrg_ble.o         572               100
    stm32l4xx_hal.o             114                 4
    stm32l4xx_hal_cortex.o      208
    stm32l4xx_hal_gpio.o        500
    stm32l4xx_hal_msp.o         328
    stm32l4xx_hal_pwr.o          16
    stm32l4xx_hal_pwr_ex.o      100
    stm32l4xx_hal_rcc.o       1 632
    stm32l4xx_hal_spi.o       1 136
    stm32xx_it.o                 38                 4
    system_stm32l4xx.o          140        4        4
    -------------------------------------------------
    Total:                    8 380        4      828

command line: [2]
    -------------------------------------------------
    Total:

dl7M_tlf.a: [3]
    exit.o                        4
    low_level_init.o              4
    -------------------------------------------------
    Total:                        8

m7M_tls.a: [4]
    fpinit_M.o                   34
    -------------------------------------------------
    Total:                       34

rt7M_tl.a: [5]
    ABImemclr4.o                  6
    ABImemcpy_unaligned.o       118
    ABImemset.o                 102
    ABImemset48.o                50
    cexit.o                      10
    cmain.o                      26
    copy_init3.o                 44
    cstartup_M.o                 12
    data_init.o                  40
    zero_init3.o                 64
    -------------------------------------------------
    Total:                      472

shb_l.a: [6]
    exit.o                       20
    -------------------------------------------------
    Total:                       20

    Gaps                         12        2
    Linker created                        36    1 024
-----------------------------------------------------
    Grand Total:              8 926       42    1 852


*******************************************************************************
*** ENTRY LIST
***

Entry                      Address   Size  Type      Object
-----                      -------   ----  ----      ------
.iar.init_table$$Base   0x08002134          --   Gb  - Linker created -
.iar.init_table$$Limit  0x08002158          --   Gb  - Linker created -
?main                   0x08002159         Code  Gb  cmain.o [5]
AHBPrescTable           0x08002004   0x10  Data  Gb  system_stm32l4xx.o [1]
BNRG_SPI_Init           0x080011eb   0x38  Code  Gb  stm32_bluenrg_ble.o [1]
BlueNRG_DataPresent     0x0800124b   0x12  Code  Gb  stm32_bluenrg_ble.o [1]
BlueNRG_Init            0x080016c9   0x84  Code  Gb  bluenrg_interface.o [1]
BlueNRG_RST             0x08001223   0x20  Code  Gb  stm32_bluenrg_ble.o [1]
BlueNRG_SPI_Read_All    0x0800125d   0xa2  Code  Gb  stm32_bluenrg_ble.o [1]
BlueNRG_SPI_Write       0x080012ff   0xb2  Code  Gb  stm32_bluenrg_ble.o [1]
CSTACK$$Base            0x20000008          --   Gb  - Linker created -
CSTACK$$Limit           0x20000408          --   Gb  - Linker created -
Clear_SPI_EXTI_Flag     0x080013bf    0x8  Code  Gb  stm32_bluenrg_ble.o [1]
DebugMon_Handler        0x080020df    0x2  Code  Gb  stm32xx_it.o [1]
Disable_SPI_IRQ         0x080013b9    0x6  Code  Gb  stm32_bluenrg_ble.o [1]
EXTI9_5_IRQHandler      0x080020f9    0x6  Code  Gb  stm32xx_it.o [1]
EddystoneURL_Init       0x08001783   0x88  Code  Gb  eddystone_beacon.o [1]
EddystoneURL_Start      0x08001755   0x2e  Code  Gb  eddystone_beacon.o [1]
Enable_SPI_IRQ          0x080013b1    0x2  Code  Gb  stm32_bluenrg_ble.o [1]
EnterStopMode           0x08001125   0x10  Code  Gb  main.o [1]
HAL_Delay               0x080018bb   0x16  Code  Wk  stm32l4xx_hal.o [1]
HAL_GPIO_EXTI_Callback  0x08001139    0x4  Code  Gb  main.o [1]
HAL_GPIO_EXTI_IRQHandler
                        0x080010c3   0x10  Code  Gb  stm32l4xx_hal_gpio.o [1]
HAL_GPIO_Init           0x08000f09  0x1a4  Code  Gb  stm32l4xx_hal_gpio.o [1]
HAL_GPIO_ReadPin        0x080010ad    0xc  Code  Gb  stm32l4xx_hal_gpio.o [1]
HAL_GPIO_WritePin       0x080010b9    0xa  Code  Gb  stm32l4xx_hal_gpio.o [1]
HAL_GetTick             0x080007e9    0xc  Code  Wk  stm32l4xx_hal.o [1]
HAL_IncTick             0x08002101   0x10  Code  Wk  stm32l4xx_hal.o [1]
HAL_Init                0x0800113d   0x16  Code  Gb  stm32l4xx_hal.o [1]
HAL_InitTick            0x080007f5   0x28  Code  Wk  stm32l4xx_hal.o [1]
HAL_MspInit             0x08001153    0x2  Code  Wk  stm32l4xx_hal.o [1]
HAL_NVIC_DisableIRQ     0x080008fb    0xa  Code  Gb  stm32l4xx_hal_cortex.o [1]
HAL_NVIC_EnableIRQ      0x080008ef    0xc  Code  Gb  stm32l4xx_hal_cortex.o [1]
HAL_NVIC_SetPriority    0x080008b5   0x3a  Code  Gb  stm32l4xx_hal_cortex.o [1]
HAL_NVIC_SetPriorityGrouping
                        0x0800089b   0x1a  Code  Gb  stm32l4xx_hal_cortex.o [1]
HAL_PWREx_EnterSTOP0Mode
                        0x08000829   0x22  Code  Gb  stm32l4xx_hal_pwr_ex.o [1]
HAL_PWREx_EnterSTOP1Mode
                        0x0800084b   0x24  Code  Gb  stm32l4xx_hal_pwr_ex.o [1]
HAL_PWREx_GetVoltageRange
                        0x0800081d    0xc  Code  Gb  stm32l4xx_hal_pwr_ex.o [1]
HAL_PWR_EnterSTOPMode   0x0800187d   0x10  Code  Gb  stm32l4xx_hal_pwr.o [1]
HAL_RCC_ClockConfig     0x0800054b  0x120  Code  Gb  stm32l4xx_hal_rcc.o [1]
HAL_RCC_GetSysClockFreq
                        0x08000693   0xae  Code  Gb  stm32l4xx_hal_rcc.o [1]
HAL_RCC_OscConfig       0x08000189  0x390  Code  Gb  stm32l4xx_hal_rcc.o [1]
HAL_SPI_Init            0x08000951   0xba  Code  Gb  stm32l4xx_hal_spi.o [1]
HAL_SPI_MspInit         0x08000dc1   0xf2  Code  Gb  stm32l4xx_hal_msp.o [1]
HAL_SPI_TransmitReceive
                        0x08000a0b  0x22c  Code  Gb  stm32l4xx_hal_spi.o [1]
HAL_SYSTICK_Config      0x0800090d   0x28  Code  Gb  stm32l4xx_hal_cortex.o [1]
HCI_Event_CB            0x08001983    0x2  Code  Gb  sensor_service.o [1]
HCI_Init                0x080013f9   0x2e  Code  Gb  hci.o [1]
HCI_Isr                 0x0800148f   0x62  Code  Gb  hci.o [1]
HCI_Process             0x08001447   0x48  Code  Gb  hci.o [1]
HCI_verify              0x08001427   0x20  Code  Gb  hci.o [1]
Hal_Write_Serial        0x080011bd   0x2e  Code  Gb  stm32_bluenrg_ble.o [1]
HardFault_Handler       0x080020db    0x2  Code  Gb  stm32xx_it.o [1]
MSIRangeTable           0x08002014   0x30  Data  Gb  system_stm32l4xx.o [1]
NMI_Handler             0x080020d9    0x2  Code  Gb  stm32xx_it.o [1]
NVIC_SetPriority        0x08000881   0x1a  Code  Lc  stm32l4xx_hal_cortex.o [1]
Osal_MemCpy             0x08001985    0xc  Code  Gb  osal.o [1]
Osal_MemSet             0x08001991   0x14  Code  Gb  osal.o [1]
PendSV_Handler          0x080020e1    0x2  Code  Gb  stm32xx_it.o [1]
RCC_SetFlashLatencyFromMSIRange
                        0x08000741   0x76  Code  Lc  stm32l4xx_hal_rcc.o [1]
Region$$Table$$Base     0x08002134          --   Gb  - Linker created -
Region$$Table$$Limit    0x08002158          --   Gb  - Linker created -
SPI_EndRxTxTransaction  0x08000d8b   0x20  Code  Lc  stm32l4xx_hal_spi.o [1]
SPI_WaitFifoStateUntilTimeout
                        0x08000cd1   0x64  Code  Lc  stm32l4xx_hal_spi.o [1]
SPI_WaitFlagStateUntilTimeout
                        0x08000c7f   0x4c  Code  Lc  stm32l4xx_hal_spi.o [1]
SVC_Handler             0x080020dd    0x2  Code  Gb  stm32xx_it.o [1]
SpiHandle               0x200006d4   0x64  Data  Gb  stm32_bluenrg_ble.o [1]
SysTick_Handler         0x080020e3   0x10  Code  Gb  stm32xx_it.o [1]
SystemClock_Config      0x08001155   0x68  Code  Gb  cube_hal_l4.o [1]
SystemCoreClock         0x20000000    0x4  Data  Gb  system_stm32l4xx.o [1]
SystemInit              0x08001fb9   0x3c  Code  Gb  system_stm32l4xx.o [1]
Timer_Expired           0x080018a3   0x18  Code  Gb  gp_timer.o [1]
Timer_Set               0x08001893    0x8  Code  Gb  gp_timer.o [1]
__aeabi_memclr4         0x0800188d         Code  Gb  ABImemclr4.o [5]
__aeabi_memset          0x08001f51         Code  Gb  ABImemset.o [5]
__cmain                 0x08002159         Code  Gb  cmain.o [5]
__exit                  0x08002189   0x14  Code  Gb  exit.o [6]
__iar_Memset            0x08001f51         Code  Gb  ABImemset.o [5]
__iar_Memset4_word      0x08001f1d         Code  Gb  ABImemset48.o [5]
__iar_Memset8_word      0x08001f1d         Code  Gb  ABImemset48.o [5]
__iar_Memset_word       0x08001f59         Code  Gb  ABImemset.o [5]
__iar_copy_init3        0x08002085   0x2c  Code  Gb  copy_init3.o [5]
__iar_data_init3        0x080020b1   0x28  Code  Gb  data_init.o [5]
__iar_init_vfp          0x08002111         Code  Gb  fpinit_M.o [4]
__iar_program_start     0x080021ad         Code  Gb  cstartup_M.o [5]
__iar_unaligned___aeabi_memcpy
                        0x08001d95         Code  Gb  ABImemcpy_unaligned.o [5]
__iar_unaligned___aeabi_memcpy4
                        0x08001db5         Code  Gb  ABImemcpy_unaligned.o [5]
__iar_unaligned___aeabi_memcpy8
                        0x08001db5         Code  Gb  ABImemcpy_unaligned.o [5]
__iar_zero_init3        0x08002045   0x40  Code  Gb  zero_init3.o [5]
__low_level_init        0x08002173    0x4  Code  Gb  low_level_init.o [3]
__vector_table          0x08000000         Data  Gb  startup_stm32l476xx.o [1]
_call_main              0x08002165         Code  Gb  cmain.o [5]
_exit                   0x0800217d         Code  Gb  cexit.o [5]
_main                   0x0800216f         Code  Gb  cmain.o [5]
aci_gap_delete_ad_type  0x08001d21   0x26  Code  Gb  bluenrg_gap_aci.o [1]
aci_gap_init_IDB04A1    0x08001b6f   0x58  Code  Gb  bluenrg_gap_aci.o [1]
aci_gap_init_IDB05A1    0x08001b0f   0x60  Code  Gb  bluenrg_gap_aci.o [1]
aci_gap_set_discoverable
                        0x08001bc7   0x4a  Code  Gb  bluenrg_gap_aci.o [1]
aci_gap_update_adv_data
                        0x08001cd3   0x42  Code  Gb  bluenrg_gap_aci.o [1]
aci_gatt_init           0x08001ac3   0x28  Code  Gb  bluenrg_gatt_aci.o [1]
aci_hal_set_tx_power_level
                        0x08001a67   0x3e  Code  Gb  bluenrg_hal_aci.o [1]
aci_hal_write_config_data
                        0x080019fd   0x50  Code  Gb  bluenrg_hal_aci.o [1]
exit                    0x08002177    0x4  Code  Gb  exit.o [3]
getBlueNRGVersion       0x080019a5   0x58  Code  Gb  bluenrg_utils_small.o [1]
hciReadPacketBuffer     0x20000418  0x2bc  Data  Lc  hci.o [1]
hciReadPktPool          0x20000408    0x8  Data  Gb  hci.o [1]
hciReadPktRxQueue       0x20000410    0x8  Data  Gb  hci.o [1]
hci_le_read_local_version
                        0x08001e0b   0x50  Code  Gb  hci_le.o [1]
hci_le_set_scan_resp_data
                        0x08001e7b   0x36  Code  Gb  hci_le.o [1]
hci_send_cmd            0x080014f5   0x38  Code  Gb  hci.o [1]
hci_send_req            0x08001551  0x168  Code  Gb  hci.o [1]
hci_write               0x080014f1    0x4  Code  Gb  hci.o [1]
list_get_size           0x0800195f   0x1c  Code  Gb  ble_list.o [1]
list_init_head          0x080018d1    0x6  Code  Gb  ble_list.o [1]
list_insert_head        0x080018e9   0x14  Code  Gb  ble_list.o [1]
list_insert_tail        0x080018fd   0x14  Code  Gb  ble_list.o [1]
list_is_empty           0x080018d7   0x12  Code  Gb  ble_list.o [1]
list_remove_head        0x08001929   0x12  Code  Gb  ble_list.o [1]
list_remove_node        0x08001911   0x12  Code  Gb  ble_list.o [1]
list_remove_tail        0x0800193b   0x10  Code  Gb  ble_list.o [1]
main                    0x080010fd   0x28  Code  Gb  main.o [1]
move_list               0x0800152d   0x24  Code  Lc  hci.o [1]
ms_counter              0x2000073c    0x4  Data  Gb  stm32xx_it.o [1]
uwTick                  0x20000738    0x4  Data  Gb  stm32l4xx_hal.o [1]


[1] = D:\2.tempPjt\171.SensorTile ÐéÄâ¼Ü×Ó¹Ä\1.SensorTile´úÂë\STM32CubeExpansion_BLE1_V2.8.0 beancon\Projects\Multi\Applications\Beacon\EWARM\STM32L476RG-Nucleo\URL_Beacon\Obj
[2] = command line
[3] = dl7M_tlf.a
[4] = m7M_tls.a
[5] = rt7M_tl.a
[6] = shb_l.a

  8 926 bytes of readonly  code memory
     42 bytes of readonly  data memory
  1 852 bytes of readwrite data memory

Errors: none
Warnings: none
